============================================================
>>> ARCHITETTURA OTTIMIZZATA (non fa parte del confronto stack)
Configurazione : deep_low
Stack          : moderno  (relu + adamw)
Architettura   : 7 strati x 700 unita'
lr / wd        : 2.46e-03 / 9.85e-03
Semi           : [0]
Eventi train   : 10,000,000
Batch          : 100
Epoche massime : 300
Risultati in   : results/moderno_arch/
Log TensorBoard: runs/moderno_arch/
============================================================

feature set : low  (21 colonne)
  train : 10,000,000 eventi
  val   :   500,000 eventi
  test  :   500,000 eventi
  colonne riscalate a media 1 (positive) : 6
  colonne standardizzate a media 0       : 15


------------------------------------------------------------
[seme 0] inizio
------------------------------------------------------------
Addestramento su cpu, 10,000,000 eventi, batch da 100
Ottimizzatore: adamw, lr iniziale 0.00246
100,000 aggiornamenti per epoca
Log TensorBoard in /home/alice/Deep-Learning/ExoticParticles_HEP/runs/moderno_arch/deep_low_seme0

