============================================================
Configurazione : deep_complete
Stack          : 2014  (tanh + sgd)
Semi           : [0]
Eventi train   : 10,000,000
Batch          : 100
Epoche massime : 300
Risultati in   : results/riproduzione/
Log TensorBoard: runs/riproduzione/
============================================================

feature set : complete  (28 colonne)
  train : 10,000,000 eventi
  val   :   500,000 eventi
  test  :   500,000 eventi
  colonne riscalate a media 1 (positive) : 13
  colonne standardizzate a media 0       : 15


------------------------------------------------------------
[seme 0] inizio
------------------------------------------------------------
Addestramento su cuda, 10,000,000 eventi, batch da 100
Ottimizzatore: sgd, lr iniziale 0.05
100,000 aggiornamenti per epoca
Log TensorBoard in /home/luca/Desktop/Code/ali/Deep-Learning/ExoticParticles_HEP/runs/riproduzione/deep_complete_seme0

epoca    1 | train 0.53201 | val 0.51343 | AUC 0.8265 | lr 0.049010 | mom 0.900 | 1.4 min
epoca    2 | train 0.50385 | val 0.49539 | AUC 0.8373 | lr 0.048039 | mom 0.900 | 2.8 min
epoca    3 | train 0.49719 | val 0.49656 | AUC 0.8355 | lr 0.047088 | mom 0.901 | 4.2 min
epoca    4 | train 0.49383 | val 0.49666 | AUC 0.8422 | lr 0.046156 | mom 0.901 | 5.7 min
epoca    5 | train 0.49149 | val 0.48953 | AUC 0.8446 | lr 0.045242 | mom 0.902 | 7.1 min
epoca    6 | train 0.48945 | val 0.49030 | AUC 0.8422 | lr 0.044346 | mom 0.902 | 8.5 min
epoca    7 | train 0.48795 | val 0.48440 | AUC 0.8455 | lr 0.043468 | mom 0.903 | 9.9 min
epoca    8 | train 0.48682 | val 0.48747 | AUC 0.8439 | lr 0.042607 | mom 0.903 | 11.3 min
epoca    9 | train 0.48590 | val 0.48476 | AUC 0.8455 | lr 0.041764 | mom 0.904 | 12.7 min
epoca   10 | train 0.48500 | val 0.48302 | AUC 0.8484 | lr 0.040937 | mom 0.904 | 14.2 min
epoca   11 | train 0.48415 | val 0.48796 | AUC 0.8472 | lr 0.040126 | mom 0.904 | 15.6 min
epoca   12 | train 0.48319 | val 0.49290 | AUC 0.8436 | lr 0.039331 | mom 0.905 | 17.0 min
epoca   13 | train 0.48225 | val 0.47954 | AUC 0.8486 | lr 0.038553 | mom 0.905 | 18.4 min
epoca   14 | train 0.48120 | val 0.47652 | AUC 0.8507 | lr 0.037789 | mom 0.906 | 19.8 min
epoca   15 | train 0.48025 | val 0.47765 | AUC 0.8504 | lr 0.037041 | mom 0.906 | 21.2 min
epoca   16 | train 0.47953 | val 0.48135 | AUC 0.8473 | lr 0.036307 | mom 0.907 | 22.7 min
epoca   17 | train 0.47889 | val 0.47498 | AUC 0.8517 | lr 0.035589 | mom 0.907 | 24.1 min
epoca   18 | train 0.47796 | val 0.47719 | AUC 0.8501 | lr 0.034884 | mom 0.908 | 25.5 min
epoca   19 | train 0.47730 | val 0.47508 | AUC 0.8521 | lr 0.034193 | mom 0.908 | 26.9 min
epoca   20 | train 0.47666 | val 0.47537 | AUC 0.8535 | lr 0.033516 | mom 0.909 | 28.3 min
epoca   21 | train 0.47605 | val 0.47386 | AUC 0.8528 | lr 0.032852 | mom 0.909 | 29.7 min
epoca   22 | train 0.47558 | val 0.47124 | AUC 0.8544 | lr 0.032202 | mom 0.909 | 31.2 min
epoca   23 | train 0.47491 | val 0.48068 | AUC 0.8510 | lr 0.031564 | mom 0.910 | 32.6 min
epoca   24 | train 0.47448 | val 0.47943 | AUC 0.8495 | lr 0.030939 | mom 0.910 | 34.0 min
epoca   25 | train 0.47405 | val 0.47465 | AUC 0.8527 | lr 0.030327 | mom 0.911 | 35.4 min
epoca   26 | train 0.47351 | val 0.47106 | AUC 0.8539 | lr 0.029726 | mom 0.911 | 36.8 min
epoca   27 | train 0.47310 | val 0.47536 | AUC 0.8530 | lr 0.029137 | mom 0.912 | 38.2 min
epoca   28 | train 0.47272 | val 0.48008 | AUC 0.8545 | lr 0.028560 | mom 0.912 | 39.7 min
epoca   29 | train 0.47234 | val 0.47031 | AUC 0.8560 | lr 0.027995 | mom 0.913 | 41.1 min
epoca   30 | train 0.47175 | val 0.47144 | AUC 0.8540 | lr 0.027441 | mom 0.913 | 42.5 min
epoca   31 | train 0.47140 | val 0.47757 | AUC 0.8530 | lr 0.026897 | mom 0.913 | 43.9 min
epoca   32 | train 0.47099 | val 0.47106 | AUC 0.8563 | lr 0.026365 | mom 0.914 | 45.3 min
epoca   33 | train 0.47032 | val 0.46899 | AUC 0.8554 | lr 0.025843 | mom 0.914 | 46.7 min
epoca   34 | train 0.46978 | val 0.46895 | AUC 0.8559 | lr 0.025331 | mom 0.915 | 48.2 min
epoca   35 | train 0.46931 | val 0.47239 | AUC 0.8553 | lr 0.024829 | mom 0.915 | 49.6 min
epoca   36 | train 0.46895 | val 0.46885 | AUC 0.8558 | lr 0.024338 | mom 0.916 | 51.0 min
epoca   37 | train 0.46864 | val 0.46872 | AUC 0.8564 | lr 0.023856 | mom 0.916 | 52.4 min
epoca   38 | train 0.46815 | val 0.46866 | AUC 0.8585 | lr 0.023383 | mom 0.917 | 53.8 min
epoca   39 | train 0.46766 | val 0.46953 | AUC 0.8569 | lr 0.022920 | mom 0.917 | 55.2 min
epoca   40 | train 0.46728 | val 0.46729 | AUC 0.8585 | lr 0.022466 | mom 0.918 | 56.7 min
epoca   41 | train 0.46693 | val 0.46553 | AUC 0.8582 | lr 0.022022 | mom 0.918 | 58.1 min
epoca   42 | train 0.46647 | val 0.47086 | AUC 0.8553 | lr 0.021586 | mom 0.918 | 59.5 min
epoca   43 | train 0.46593 | val 0.46360 | AUC 0.8602 | lr 0.021158 | mom 0.919 | 60.9 min
epoca   44 | train 0.46556 | val 0.46506 | AUC 0.8584 | lr 0.020739 | mom 0.919 | 62.3 min
epoca   45 | train 0.46520 | val 0.47030 | AUC 0.8593 | lr 0.020328 | mom 0.920 | 63.7 min
epoca   46 | train 0.46484 | val 0.46367 | AUC 0.8596 | lr 0.019926 | mom 0.920 | 65.2 min
epoca   47 | train 0.46452 | val 0.46678 | AUC 0.8571 | lr 0.019531 | mom 0.921 | 66.6 min
epoca   48 | train 0.46413 | val 0.47035 | AUC 0.8586 | lr 0.019145 | mom 0.921 | 68.0 min
epoca   49 | train 0.46372 | val 0.46491 | AUC 0.8586 | lr 0.018766 | mom 0.922 | 69.4 min
epoca   50 | train 0.46338 | val 0.46125 | AUC 0.8613 | lr 0.018394 | mom 0.922 | 70.8 min
epoca   51 | train 0.46305 | val 0.46586 | AUC 0.8606 | lr 0.018030 | mom 0.922 | 72.2 min
epoca   52 | train 0.46270 | val 0.47004 | AUC 0.8594 | lr 0.017673 | mom 0.923 | 73.6 min
epoca   53 | train 0.46241 | val 0.46696 | AUC 0.8591 | lr 0.017323 | mom 0.923 | 75.1 min
epoca   54 | train 0.46208 | val 0.46004 | AUC 0.8620 | lr 0.016980 | mom 0.924 | 76.5 min
epoca   55 | train 0.46180 | val 0.46925 | AUC 0.8568 | lr 0.016644 | mom 0.924 | 77.9 min
epoca   56 | train 0.46146 | val 0.46540 | AUC 0.8583 | lr 0.016314 | mom 0.925 | 79.3 min
epoca   57 | train 0.46123 | val 0.45982 | AUC 0.8625 | lr 0.015991 | mom 0.925 | 80.7 min
epoca   58 | train 0.46097 | val 0.46921 | AUC 0.8592 | lr 0.015674 | mom 0.926 | 82.1 min
epoca   59 | train 0.46065 | val 0.46182 | AUC 0.8606 | lr 0.015364 | mom 0.926 | 83.6 min
epoca   60 | train 0.46036 | val 0.46376 | AUC 0.8605 | lr 0.015060 | mom 0.927 | 85.0 min
epoca   61 | train 0.46010 | val 0.45845 | AUC 0.8630 | lr 0.014762 | mom 0.927 | 86.4 min
epoca   62 | train 0.45983 | val 0.46399 | AUC 0.8593 | lr 0.014469 | mom 0.927 | 87.8 min
epoca   63 | train 0.45959 | val 0.45856 | AUC 0.8632 | lr 0.014183 | mom 0.928 | 89.2 min
epoca   64 | train 0.45925 | val 0.45756 | AUC 0.8635 | lr 0.013902 | mom 0.928 | 90.6 min
epoca   65 | train 0.45890 | val 0.45990 | AUC 0.8625 | lr 0.013627 | mom 0.929 | 92.1 min
epoca   66 | train 0.45864 | val 0.45956 | AUC 0.8623 | lr 0.013357 | mom 0.929 | 93.5 min
epoca   67 | train 0.45828 | val 0.45856 | AUC 0.8640 | lr 0.013092 | mom 0.930 | 94.9 min
epoca   68 | train 0.45788 | val 0.46047 | AUC 0.8636 | lr 0.012833 | mom 0.930 | 96.3 min
epoca   69 | train 0.45760 | val 0.45827 | AUC 0.8640 | lr 0.012579 | mom 0.931 | 97.7 min
epoca   70 | train 0.45721 | val 0.45646 | AUC 0.8640 | lr 0.012330 | mom 0.931 | 99.1 min
epoca   71 | train 0.45700 | val 0.45647 | AUC 0.8640 | lr 0.012086 | mom 0.931 | 100.6 min
epoca   72 | train 0.45669 | val 0.45515 | AUC 0.8649 | lr 0.011846 | mom 0.932 | 102.0 min
epoca   73 | train 0.45631 | val 0.45726 | AUC 0.8647 | lr 0.011612 | mom 0.932 | 103.4 min
epoca   74 | train 0.45603 | val 0.45538 | AUC 0.8646 | lr 0.011382 | mom 0.933 | 104.8 min
epoca   75 | train 0.45585 | val 0.45565 | AUC 0.8646 | lr 0.011157 | mom 0.933 | 106.2 min
epoca   76 | train 0.45549 | val 0.45939 | AUC 0.8645 | lr 0.010936 | mom 0.934 | 107.6 min
epoca   77 | train 0.45527 | val 0.45400 | AUC 0.8659 | lr 0.010719 | mom 0.934 | 109.0 min
epoca   78 | train 0.45498 | val 0.45618 | AUC 0.8646 | lr 0.010507 | mom 0.935 | 110.5 min
epoca   79 | train 0.45472 | val 0.45375 | AUC 0.8658 | lr 0.010299 | mom 0.935 | 111.9 min
epoca   80 | train 0.45445 | val 0.45447 | AUC 0.8662 | lr 0.010095 | mom 0.936 | 113.3 min
epoca   81 | train 0.45415 | val 0.45696 | AUC 0.8654 | lr 0.009895 | mom 0.936 | 114.7 min
epoca   82 | train 0.45393 | val 0.46033 | AUC 0.8645 | lr 0.009699 | mom 0.936 | 116.1 min
epoca   83 | train 0.45375 | val 0.45549 | AUC 0.8649 | lr 0.009507 | mom 0.937 | 117.5 min
epoca   84 | train 0.45346 | val 0.45300 | AUC 0.8664 | lr 0.009319 | mom 0.937 | 119.0 min
epoca   85 | train 0.45324 | val 0.45287 | AUC 0.8665 | lr 0.009134 | mom 0.938 | 120.4 min
epoca   86 | train 0.45288 | val 0.45438 | AUC 0.8653 | lr 0.008953 | mom 0.938 | 121.8 min
epoca   87 | train 0.45265 | val 0.45041 | AUC 0.8678 | lr 0.008776 | mom 0.939 | 123.2 min
epoca   88 | train 0.45233 | val 0.45246 | AUC 0.8670 | lr 0.008602 | mom 0.939 | 124.6 min
epoca   89 | train 0.45208 | val 0.45299 | AUC 0.8668 | lr 0.008432 | mom 0.940 | 126.0 min
epoca   90 | train 0.45184 | val 0.45206 | AUC 0.8672 | lr 0.008265 | mom 0.940 | 127.4 min
epoca   91 | train 0.45156 | val 0.45287 | AUC 0.8669 | lr 0.008101 | mom 0.941 | 128.9 min
epoca   92 | train 0.45129 | val 0.45457 | AUC 0.8663 | lr 0.007941 | mom 0.941 | 130.3 min
epoca   93 | train 0.45112 | val 0.45152 | AUC 0.8676 | lr 0.007784 | mom 0.941 | 131.7 min
epoca   94 | train 0.45093 | val 0.45287 | AUC 0.8661 | lr 0.007630 | mom 0.942 | 133.1 min
epoca   95 | train 0.45072 | val 0.44890 | AUC 0.8691 | lr 0.007478 | mom 0.942 | 134.5 min
epoca   96 | train 0.45045 | val 0.45340 | AUC 0.8668 | lr 0.007330 | mom 0.943 | 135.9 min
epoca   97 | train 0.45020 | val 0.45099 | AUC 0.8677 | lr 0.007185 | mom 0.943 | 137.4 min
epoca   98 | train 0.45000 | val 0.45168 | AUC 0.8686 | lr 0.007043 | mom 0.944 | 138.8 min
epoca   99 | train 0.44971 | val 0.45091 | AUC 0.8681 | lr 0.006903 | mom 0.944 | 140.2 min
epoca  100 | train 0.44951 | val 0.44943 | AUC 0.8685 | lr 0.006767 | mom 0.945 | 141.6 min
epoca  101 | train 0.44929 | val 0.45101 | AUC 0.8674 | lr 0.006633 | mom 0.945 | 143.0 min
epoca  102 | train 0.44917 | val 0.44993 | AUC 0.8682 | lr 0.006501 | mom 0.945 | 144.4 min
epoca  103 | train 0.44885 | val 0.44966 | AUC 0.8685 | lr 0.006373 | mom 0.946 | 145.9 min
epoca  104 | train 0.44869 | val 0.45019 | AUC 0.8691 | lr 0.006247 | mom 0.946 | 147.3 min
epoca  105 | train 0.44846 | val 0.44962 | AUC 0.8686 | lr 0.006123 | mom 0.947 | 148.7 min
epoca  106 | train 0.44834 | val 0.44871 | AUC 0.8690 | lr 0.006002 | mom 0.947 | 150.1 min
epoca  107 | train 0.44817 | val 0.45451 | AUC 0.8664 | lr 0.005883 | mom 0.948 | 151.5 min
epoca  108 | train 0.44793 | val 0.44775 | AUC 0.8695 | lr 0.005766 | mom 0.948 | 152.9 min
epoca  109 | train 0.44777 | val 0.44860 | AUC 0.8702 | lr 0.005652 | mom 0.949 | 154.4 min
epoca  110 | train 0.44763 | val 0.44931 | AUC 0.8688 | lr 0.005540 | mom 0.949 | 155.8 min
epoca  111 | train 0.44740 | val 0.45169 | AUC 0.8683 | lr 0.005430 | mom 0.950 | 157.2 min
epoca  112 | train 0.44727 | val 0.45065 | AUC 0.8687 | lr 0.005323 | mom 0.950 | 158.6 min
epoca  113 | train 0.44719 | val 0.44794 | AUC 0.8699 | lr 0.005218 | mom 0.950 | 160.0 min
epoca  114 | train 0.44694 | val 0.44865 | AUC 0.8696 | lr 0.005114 | mom 0.951 | 161.4 min
epoca  115 | train 0.44677 | val 0.44748 | AUC 0.8698 | lr 0.005013 | mom 0.951 | 162.8 min
epoca  116 | train 0.44654 | val 0.44653 | AUC 0.8712 | lr 0.004914 | mom 0.952 | 164.3 min
epoca  117 | train 0.44634 | val 0.44887 | AUC 0.8700 | lr 0.004816 | mom 0.952 | 165.7 min
epoca  118 | train 0.44620 | val 0.44849 | AUC 0.8698 | lr 0.004721 | mom 0.953 | 167.1 min
epoca  119 | train 0.44602 | val 0.44812 | AUC 0.8692 | lr 0.004628 | mom 0.953 | 168.5 min
epoca  120 | train 0.44591 | val 0.44823 | AUC 0.8695 | lr 0.004536 | mom 0.954 | 169.9 min
epoca  121 | train 0.44568 | val 0.44911 | AUC 0.8693 | lr 0.004446 | mom 0.954 | 171.3 min
epoca  122 | train 0.44549 | val 0.44646 | AUC 0.8705 | lr 0.004358 | mom 0.954 | 172.8 min
epoca  123 | train 0.44534 | val 0.44721 | AUC 0.8699 | lr 0.004272 | mom 0.955 | 174.2 min
epoca  124 | train 0.44518 | val 0.44591 | AUC 0.8708 | lr 0.004187 | mom 0.955 | 175.6 min
epoca  125 | train 0.44508 | val 0.44785 | AUC 0.8707 | lr 0.004104 | mom 0.956 | 177.0 min
epoca  126 | train 0.44486 | val 0.44806 | AUC 0.8700 | lr 0.004023 | mom 0.956 | 178.4 min
epoca  127 | train 0.44476 | val 0.44712 | AUC 0.8703 | lr 0.003943 | mom 0.957 | 179.8 min
epoca  128 | train 0.44461 | val 0.44517 | AUC 0.8713 | lr 0.003865 | mom 0.957 | 181.3 min
epoca  129 | train 0.44441 | val 0.44735 | AUC 0.8706 | lr 0.003789 | mom 0.958 | 182.7 min
epoca  130 | train 0.44429 | val 0.44597 | AUC 0.8709 | lr 0.003714 | mom 0.958 | 184.1 min
epoca  131 | train 0.44416 | val 0.45031 | AUC 0.8701 | lr 0.003640 | mom 0.959 | 185.5 min
epoca  132 | train 0.44400 | val 0.44526 | AUC 0.8715 | lr 0.003568 | mom 0.959 | 186.9 min
epoca  133 | train 0.44389 | val 0.44516 | AUC 0.8715 | lr 0.003497 | mom 0.959 | 188.3 min
epoca  134 | train 0.44374 | val 0.44477 | AUC 0.8717 | lr 0.003428 | mom 0.960 | 189.8 min
epoca  135 | train 0.44355 | val 0.44675 | AUC 0.8702 | lr 0.003360 | mom 0.960 | 191.2 min
epoca  136 | train 0.44345 | val 0.44736 | AUC 0.8705 | lr 0.003294 | mom 0.961 | 192.6 min
epoca  137 | train 0.44332 | val 0.44500 | AUC 0.8717 | lr 0.003229 | mom 0.961 | 194.0 min
epoca  138 | train 0.44323 | val 0.44457 | AUC 0.8718 | lr 0.003165 | mom 0.962 | 195.4 min
epoca  139 | train 0.44306 | val 0.44611 | AUC 0.8717 | lr 0.003102 | mom 0.962 | 196.8 min
epoca  140 | train 0.44294 | val 0.44536 | AUC 0.8716 | lr 0.003041 | mom 0.963 | 198.3 min
epoca  141 | train 0.44279 | val 0.44528 | AUC 0.8719 | lr 0.002980 | mom 0.963 | 199.7 min
epoca  142 | train 0.44272 | val 0.44530 | AUC 0.8719 | lr 0.002921 | mom 0.963 | 201.1 min
epoca  143 | train 0.44261 | val 0.44386 | AUC 0.8724 | lr 0.002863 | mom 0.964 | 202.5 min
epoca  144 | train 0.44243 | val 0.44410 | AUC 0.8718 | lr 0.002807 | mom 0.964 | 203.9 min
epoca  145 | train 0.44232 | val 0.44312 | AUC 0.8725 | lr 0.002751 | mom 0.965 | 205.3 min
epoca  146 | train 0.44217 | val 0.44311 | AUC 0.8726 | lr 0.002697 | mom 0.965 | 206.7 min
epoca  147 | train 0.44196 | val 0.44387 | AUC 0.8722 | lr 0.002643 | mom 0.966 | 208.2 min
epoca  148 | train 0.44194 | val 0.44652 | AUC 0.8709 | lr 0.002591 | mom 0.966 | 209.6 min
epoca  149 | train 0.44171 | val 0.44705 | AUC 0.8726 | lr 0.002540 | mom 0.967 | 211.0 min
epoca  150 | train 0.44160 | val 0.44819 | AUC 0.8728 | lr 0.002489 | mom 0.967 | 212.4 min
epoca  151 | train 0.44148 | val 0.44440 | AUC 0.8728 | lr 0.002440 | mom 0.968 | 213.8 min
epoca  152 | train 0.44127 | val 0.44352 | AUC 0.8725 | lr 0.002392 | mom 0.968 | 215.2 min
epoca  153 | train 0.44117 | val 0.44617 | AUC 0.8730 | lr 0.002344 | mom 0.968 | 216.7 min
epoca  154 | train 0.44106 | val 0.44324 | AUC 0.8724 | lr 0.002298 | mom 0.969 | 218.1 min
epoca  155 | train 0.44092 | val 0.44127 | AUC 0.8741 | lr 0.002252 | mom 0.969 | 219.5 min
epoca  156 | train 0.44074 | val 0.44119 | AUC 0.8738 | lr 0.002208 | mom 0.970 | 220.9 min
epoca  157 | train 0.44058 | val 0.44277 | AUC 0.8732 | lr 0.002164 | mom 0.970 | 222.3 min
epoca  158 | train 0.44032 | val 0.44151 | AUC 0.8736 | lr 0.002121 | mom 0.971 | 223.7 min
epoca  159 | train 0.44031 | val 0.44403 | AUC 0.8720 | lr 0.002079 | mom 0.971 | 225.2 min
epoca  160 | train 0.44000 | val 0.44468 | AUC 0.8719 | lr 0.002038 | mom 0.972 | 226.6 min
epoca  161 | train 0.43996 | val 0.44180 | AUC 0.8738 | lr 0.001998 | mom 0.972 | 228.0 min
epoca  162 | train 0.43976 | val 0.44323 | AUC 0.8744 | lr 0.001958 | mom 0.972 | 229.4 min
epoca  163 | train 0.43965 | val 0.44657 | AUC 0.8735 | lr 0.001919 | mom 0.973 | 230.8 min
epoca  164 | train 0.43956 | val 0.44038 | AUC 0.8743 | lr 0.001881 | mom 0.973 | 232.2 min
epoca  165 | train 0.43945 | val 0.44131 | AUC 0.8737 | lr 0.001844 | mom 0.974 | 233.7 min
epoca  166 | train 0.43937 | val 0.44156 | AUC 0.8738 | lr 0.001808 | mom 0.974 | 235.1 min
epoca  167 | train 0.43932 | val 0.44198 | AUC 0.8739 | lr 0.001772 | mom 0.975 | 236.5 min
epoca  168 | train 0.43931 | val 0.44278 | AUC 0.8731 | lr 0.001737 | mom 0.975 | 237.9 min
epoca  169 | train 0.43922 | val 0.44542 | AUC 0.8731 | lr 0.001702 | mom 0.976 | 239.3 min
epoca  170 | train 0.43917 | val 0.44009 | AUC 0.8745 | lr 0.001669 | mom 0.976 | 240.7 min
epoca  171 | train 0.43919 | val 0.44218 | AUC 0.8738 | lr 0.001636 | mom 0.977 | 242.2 min
epoca  172 | train 0.43911 | val 0.43965 | AUC 0.8747 | lr 0.001603 | mom 0.977 | 243.6 min
epoca  173 | train 0.43905 | val 0.44152 | AUC 0.8737 | lr 0.001571 | mom 0.977 | 245.0 min
epoca  174 | train 0.43899 | val 0.44331 | AUC 0.8734 | lr 0.001540 | mom 0.978 | 246.4 min
epoca  175 | train 0.43895 | val 0.44525 | AUC 0.8734 | lr 0.001510 | mom 0.978 | 247.8 min
epoca  176 | train 0.43899 | val 0.44027 | AUC 0.8743 | lr 0.001480 | mom 0.979 | 249.2 min
epoca  177 | train 0.43904 | val 0.44230 | AUC 0.8733 | lr 0.001451 | mom 0.979 | 250.7 min
epoca  178 | train 0.43899 | val 0.44167 | AUC 0.8741 | lr 0.001422 | mom 0.980 | 252.1 min
epoca  179 | train 0.43900 | val 0.44883 | AUC 0.8729 | lr 0.001394 | mom 0.980 | 253.5 min
epoca  180 | train 0.43901 | val 0.44223 | AUC 0.8737 | lr 0.001366 | mom 0.981 | 254.9 min
epoca  181 | train 0.43901 | val 0.44525 | AUC 0.8715 | lr 0.001339 | mom 0.981 | 256.3 min
epoca  182 | train 0.43903 | val 0.44082 | AUC 0.8740 | lr 0.001313 | mom 0.981 | 257.7 min
epoca  183 | train 0.43902 | val 0.44104 | AUC 0.8740 | lr 0.001287 | mom 0.982 | 259.2 min
epoca  184 | train 0.43904 | val 0.44598 | AUC 0.8727 | lr 0.001261 | mom 0.982 | 260.6 min
epoca  185 | train 0.43912 | val 0.44130 | AUC 0.8738 | lr 0.001236 | mom 0.983 | 262.0 min
epoca  186 | train 0.43916 | val 0.44323 | AUC 0.8731 | lr 0.001212 | mom 0.983 | 263.4 min
epoca  187 | train 0.43918 | val 0.44084 | AUC 0.8742 | lr 0.001188 | mom 0.984 | 264.8 min
epoca  188 | train 0.43925 | val 0.44035 | AUC 0.8744 | lr 0.001164 | mom 0.984 | 266.2 min
epoca  189 | train 0.43937 | val 0.44330 | AUC 0.8731 | lr 0.001141 | mom 0.985 | 267.7 min
epoca  190 | train 0.43948 | val 0.44455 | AUC 0.8726 | lr 0.001119 | mom 0.985 | 269.1 min
epoca  191 | train 0.43951 | val 0.44424 | AUC 0.8739 | lr 0.001096 | mom 0.986 | 270.5 min
epoca  192 | train 0.43962 | val 0.44027 | AUC 0.8743 | lr 0.001075 | mom 0.986 | 271.9 min
epoca  193 | train 0.43980 | val 0.44185 | AUC 0.8742 | lr 0.001053 | mom 0.986 | 273.3 min
epoca  194 | train 0.43997 | val 0.44809 | AUC 0.8729 | lr 0.001033 | mom 0.987 | 274.7 min
epoca  195 | train 0.44000 | val 0.44040 | AUC 0.8742 | lr 0.001012 | mom 0.987 | 276.2 min
epoca  196 | train 0.44027 | val 0.44792 | AUC 0.8711 | lr 0.000992 | mom 0.988 | 277.6 min
epoca  197 | train 0.44030 | val 0.44185 | AUC 0.8734 | lr 0.000972 | mom 0.988 | 279.0 min
epoca  198 | train 0.44059 | val 0.44322 | AUC 0.8732 | lr 0.000953 | mom 0.989 | 280.4 min
epoca  199 | train 0.44078 | val 0.44317 | AUC 0.8735 | lr 0.000934 | mom 0.989 | 281.8 min
epoca  200 | train 0.44104 | val 0.44310 | AUC 0.8730 | lr 0.000916 | mom 0.990 | 283.2 min
epoca  201 | train 0.44137 | val 0.44351 | AUC 0.8730 | lr 0.000898 | mom 0.990 | 284.7 min

Fermato: nessun miglioramento da 10 epoche.

Migliore perdita di validation: 0.43965
Epoche eseguite: 201
Tempo totale: 284.7 min

[seme 0] TEST: perdita 0.43949, AUC 0.8749

============================================================
deep_complete: AUC = 0.8749  (un solo seme)
semi inclusi  : [0]
valori singoli: [0.8749]
epoche         : [201]
============================================================
