============================================================
Configurazione : deep_low
Stack          : 2014  (tanh + sgd)
Semi           : [0]
Eventi train   : 10,000,000
Batch          : 100
Epoche massime : 300
Risultati in   : results/riproduzione/
Log TensorBoard: runs/riproduzione/
============================================================

feature set : low  (21 colonne)
  train : 10,000,000 eventi
  val   :   500,000 eventi
  test  :   500,000 eventi
  colonne riscalate a media 1 (positive) : 6
  colonne standardizzate a media 0       : 15


------------------------------------------------------------
[seme 0] inizio
------------------------------------------------------------
Addestramento su cuda, 10,000,000 eventi, batch da 100
Ottimizzatore: sgd, lr iniziale 0.05
100,000 aggiornamenti per epoca
Log TensorBoard in /home/luca/Desktop/Code/ali/Deep-Learning/ExoticParticles_HEP/runs/riproduzione/deep_low_seme0

epoca    1 | train 0.59645 | val 0.57113 | AUC 0.7743 | lr 0.049010 | mom 0.900 | 1.4 min
epoca    2 | train 0.56235 | val 0.55402 | AUC 0.7876 | lr 0.048039 | mom 0.900 | 2.8 min
epoca    3 | train 0.55167 | val 0.54799 | AUC 0.7915 | lr 0.047088 | mom 0.901 | 4.2 min
epoca    4 | train 0.54352 | val 0.53740 | AUC 0.8039 | lr 0.046156 | mom 0.901 | 5.7 min
epoca    5 | train 0.53592 | val 0.53878 | AUC 0.8055 | lr 0.045242 | mom 0.902 | 7.1 min
epoca    6 | train 0.53115 | val 0.52956 | AUC 0.8111 | lr 0.044346 | mom 0.902 | 8.5 min
epoca    7 | train 0.52769 | val 0.52062 | AUC 0.8165 | lr 0.043468 | mom 0.903 | 9.9 min
epoca    8 | train 0.52530 | val 0.51999 | AUC 0.8175 | lr 0.042607 | mom 0.903 | 11.3 min
epoca    9 | train 0.52253 | val 0.51893 | AUC 0.8180 | lr 0.041764 | mom 0.904 | 12.7 min
epoca   10 | train 0.52017 | val 0.52748 | AUC 0.8187 | lr 0.040937 | mom 0.904 | 14.2 min
epoca   11 | train 0.51805 | val 0.53344 | AUC 0.8203 | lr 0.040126 | mom 0.904 | 15.6 min
epoca   12 | train 0.51627 | val 0.51727 | AUC 0.8213 | lr 0.039331 | mom 0.905 | 17.0 min
epoca   13 | train 0.51484 | val 0.51004 | AUC 0.8265 | lr 0.038553 | mom 0.905 | 18.4 min
epoca   14 | train 0.51375 | val 0.51024 | AUC 0.8250 | lr 0.037789 | mom 0.906 | 19.8 min
epoca   15 | train 0.51227 | val 0.51234 | AUC 0.8253 | lr 0.037041 | mom 0.906 | 21.2 min
epoca   16 | train 0.51110 | val 0.50770 | AUC 0.8271 | lr 0.036307 | mom 0.907 | 22.7 min
epoca   17 | train 0.51003 | val 0.50962 | AUC 0.8271 | lr 0.035589 | mom 0.907 | 24.1 min
epoca   18 | train 0.50905 | val 0.50577 | AUC 0.8289 | lr 0.034884 | mom 0.908 | 25.5 min
epoca   19 | train 0.50808 | val 0.50375 | AUC 0.8301 | lr 0.034193 | mom 0.908 | 26.9 min
epoca   20 | train 0.50711 | val 0.51117 | AUC 0.8289 | lr 0.033516 | mom 0.909 | 28.3 min
epoca   21 | train 0.50605 | val 0.50521 | AUC 0.8306 | lr 0.032852 | mom 0.909 | 29.7 min
epoca   22 | train 0.50532 | val 0.50034 | AUC 0.8328 | lr 0.032202 | mom 0.909 | 31.2 min
epoca   23 | train 0.50443 | val 0.50530 | AUC 0.8308 | lr 0.031564 | mom 0.910 | 32.6 min
epoca   24 | train 0.50356 | val 0.50808 | AUC 0.8294 | lr 0.030939 | mom 0.910 | 34.0 min
epoca   25 | train 0.50287 | val 0.50473 | AUC 0.8335 | lr 0.030327 | mom 0.911 | 35.4 min
epoca   26 | train 0.50209 | val 0.50458 | AUC 0.8311 | lr 0.029726 | mom 0.911 | 36.8 min
epoca   27 | train 0.50114 | val 0.50227 | AUC 0.8320 | lr 0.029137 | mom 0.912 | 38.2 min
epoca   28 | train 0.50030 | val 0.50563 | AUC 0.8344 | lr 0.028560 | mom 0.912 | 39.7 min
epoca   29 | train 0.49962 | val 0.50270 | AUC 0.8333 | lr 0.027995 | mom 0.913 | 41.1 min
epoca   30 | train 0.49879 | val 0.50276 | AUC 0.8317 | lr 0.027441 | mom 0.913 | 42.5 min
epoca   31 | train 0.49810 | val 0.49782 | AUC 0.8370 | lr 0.026897 | mom 0.913 | 43.9 min
epoca   32 | train 0.49737 | val 0.49680 | AUC 0.8364 | lr 0.026365 | mom 0.914 | 45.3 min
epoca   33 | train 0.49670 | val 0.49371 | AUC 0.8380 | lr 0.025843 | mom 0.914 | 46.7 min
epoca   34 | train 0.49602 | val 0.49620 | AUC 0.8393 | lr 0.025331 | mom 0.915 | 48.2 min
epoca   35 | train 0.49519 | val 0.49814 | AUC 0.8367 | lr 0.024829 | mom 0.915 | 49.6 min
epoca   36 | train 0.49445 | val 0.49107 | AUC 0.8406 | lr 0.024338 | mom 0.916 | 51.0 min
epoca   37 | train 0.49386 | val 0.49362 | AUC 0.8404 | lr 0.023856 | mom 0.916 | 52.4 min
epoca   38 | train 0.49334 | val 0.49403 | AUC 0.8382 | lr 0.023383 | mom 0.917 | 53.8 min
epoca   39 | train 0.49250 | val 0.49208 | AUC 0.8400 | lr 0.022920 | mom 0.917 | 55.2 min
epoca   40 | train 0.49178 | val 0.49038 | AUC 0.8421 | lr 0.022466 | mom 0.918 | 56.6 min
epoca   41 | train 0.49105 | val 0.49446 | AUC 0.8374 | lr 0.022022 | mom 0.918 | 58.1 min
epoca   42 | train 0.49040 | val 0.49583 | AUC 0.8387 | lr 0.021586 | mom 0.918 | 59.5 min
epoca   43 | train 0.48987 | val 0.48992 | AUC 0.8420 | lr 0.021158 | mom 0.919 | 60.9 min
epoca   44 | train 0.48941 | val 0.48824 | AUC 0.8420 | lr 0.020739 | mom 0.919 | 62.3 min
epoca   45 | train 0.48890 | val 0.49779 | AUC 0.8395 | lr 0.020328 | mom 0.920 | 63.7 min
epoca   46 | train 0.48843 | val 0.48718 | AUC 0.8433 | lr 0.019926 | mom 0.920 | 65.1 min
epoca   47 | train 0.48791 | val 0.48678 | AUC 0.8434 | lr 0.019531 | mom 0.921 | 66.6 min
epoca   48 | train 0.48735 | val 0.49718 | AUC 0.8421 | lr 0.019145 | mom 0.921 | 68.0 min
epoca   49 | train 0.48684 | val 0.48932 | AUC 0.8424 | lr 0.018766 | mom 0.922 | 69.4 min
epoca   50 | train 0.48633 | val 0.48477 | AUC 0.8446 | lr 0.018394 | mom 0.922 | 70.8 min
epoca   51 | train 0.48573 | val 0.48460 | AUC 0.8452 | lr 0.018030 | mom 0.922 | 72.2 min
epoca   52 | train 0.48499 | val 0.48808 | AUC 0.8440 | lr 0.017673 | mom 0.923 | 73.6 min
epoca   53 | train 0.48437 | val 0.48890 | AUC 0.8434 | lr 0.017323 | mom 0.923 | 75.1 min
epoca   54 | train 0.48386 | val 0.48321 | AUC 0.8454 | lr 0.016980 | mom 0.924 | 76.5 min
epoca   55 | train 0.48327 | val 0.48427 | AUC 0.8456 | lr 0.016644 | mom 0.924 | 77.9 min
epoca   56 | train 0.48267 | val 0.48292 | AUC 0.8460 | lr 0.016314 | mom 0.925 | 79.3 min
epoca   57 | train 0.48214 | val 0.48174 | AUC 0.8466 | lr 0.015991 | mom 0.925 | 80.7 min
epoca   58 | train 0.48169 | val 0.49327 | AUC 0.8456 | lr 0.015674 | mom 0.926 | 82.1 min
epoca   59 | train 0.48124 | val 0.48184 | AUC 0.8468 | lr 0.015364 | mom 0.926 | 83.5 min
epoca   60 | train 0.48069 | val 0.48042 | AUC 0.8476 | lr 0.015060 | mom 0.927 | 85.0 min
epoca   61 | train 0.48019 | val 0.48247 | AUC 0.8479 | lr 0.014762 | mom 0.927 | 86.4 min
epoca   62 | train 0.47981 | val 0.47981 | AUC 0.8485 | lr 0.014469 | mom 0.927 | 87.8 min
epoca   63 | train 0.47918 | val 0.48028 | AUC 0.8480 | lr 0.014183 | mom 0.928 | 89.2 min
epoca   64 | train 0.47877 | val 0.47934 | AUC 0.8485 | lr 0.013902 | mom 0.928 | 90.6 min
epoca   65 | train 0.47833 | val 0.48257 | AUC 0.8461 | lr 0.013627 | mom 0.929 | 92.0 min
epoca   66 | train 0.47792 | val 0.48144 | AUC 0.8492 | lr 0.013357 | mom 0.929 | 93.5 min
epoca   67 | train 0.47749 | val 0.47637 | AUC 0.8506 | lr 0.013092 | mom 0.930 | 94.9 min
epoca   68 | train 0.47713 | val 0.47548 | AUC 0.8520 | lr 0.012833 | mom 0.930 | 96.3 min
epoca   69 | train 0.47665 | val 0.48179 | AUC 0.8482 | lr 0.012579 | mom 0.931 | 97.7 min
epoca   70 | train 0.47619 | val 0.47536 | AUC 0.8516 | lr 0.012330 | mom 0.931 | 99.1 min
epoca   71 | train 0.47584 | val 0.47554 | AUC 0.8514 | lr 0.012086 | mom 0.931 | 100.5 min
epoca   72 | train 0.47541 | val 0.47647 | AUC 0.8512 | lr 0.011846 | mom 0.932 | 102.0 min
epoca   73 | train 0.47496 | val 0.47360 | AUC 0.8524 | lr 0.011612 | mom 0.932 | 103.4 min
epoca   74 | train 0.47454 | val 0.47330 | AUC 0.8528 | lr 0.011382 | mom 0.933 | 104.8 min
epoca   75 | train 0.47426 | val 0.47623 | AUC 0.8508 | lr 0.011157 | mom 0.933 | 106.2 min
epoca   76 | train 0.47387 | val 0.47595 | AUC 0.8514 | lr 0.010936 | mom 0.934 | 107.6 min
epoca   77 | train 0.47359 | val 0.47353 | AUC 0.8524 | lr 0.010719 | mom 0.934 | 109.0 min
epoca   78 | train 0.47301 | val 0.46954 | AUC 0.8551 | lr 0.010507 | mom 0.935 | 110.5 min
epoca   79 | train 0.47277 | val 0.47274 | AUC 0.8544 | lr 0.010299 | mom 0.935 | 111.9 min
epoca   80 | train 0.47243 | val 0.47580 | AUC 0.8522 | lr 0.010095 | mom 0.936 | 113.3 min
epoca   81 | train 0.47194 | val 0.47533 | AUC 0.8533 | lr 0.009895 | mom 0.936 | 114.7 min
epoca   82 | train 0.47161 | val 0.47470 | AUC 0.8535 | lr 0.009699 | mom 0.936 | 116.1 min
epoca   83 | train 0.47125 | val 0.46985 | AUC 0.8555 | lr 0.009507 | mom 0.937 | 117.5 min
epoca   84 | train 0.47096 | val 0.47582 | AUC 0.8525 | lr 0.009319 | mom 0.937 | 118.9 min
epoca   85 | train 0.47064 | val 0.46997 | AUC 0.8552 | lr 0.009134 | mom 0.938 | 120.4 min
epoca   86 | train 0.47014 | val 0.47371 | AUC 0.8525 | lr 0.008953 | mom 0.938 | 121.8 min
epoca   87 | train 0.46981 | val 0.46997 | AUC 0.8550 | lr 0.008776 | mom 0.939 | 123.2 min
epoca   88 | train 0.46942 | val 0.47002 | AUC 0.8550 | lr 0.008602 | mom 0.939 | 124.6 min
epoca   89 | train 0.46920 | val 0.47117 | AUC 0.8553 | lr 0.008432 | mom 0.940 | 126.0 min
epoca   90 | train 0.46855 | val 0.46959 | AUC 0.8552 | lr 0.008265 | mom 0.940 | 127.4 min
epoca   91 | train 0.46826 | val 0.46995 | AUC 0.8555 | lr 0.008101 | mom 0.941 | 128.9 min
epoca   92 | train 0.46774 | val 0.46814 | AUC 0.8569 | lr 0.007941 | mom 0.941 | 130.3 min
epoca   93 | train 0.46745 | val 0.46763 | AUC 0.8568 | lr 0.007784 | mom 0.941 | 131.7 min
epoca   94 | train 0.46717 | val 0.46746 | AUC 0.8566 | lr 0.007630 | mom 0.942 | 133.1 min
epoca   95 | train 0.46686 | val 0.46564 | AUC 0.8587 | lr 0.007478 | mom 0.942 | 134.5 min
epoca   96 | train 0.46641 | val 0.46797 | AUC 0.8574 | lr 0.007330 | mom 0.943 | 135.9 min
epoca   97 | train 0.46605 | val 0.46583 | AUC 0.8581 | lr 0.007185 | mom 0.943 | 137.4 min
epoca   98 | train 0.46569 | val 0.46737 | AUC 0.8580 | lr 0.007043 | mom 0.944 | 138.8 min
epoca   99 | train 0.46537 | val 0.46786 | AUC 0.8575 | lr 0.006903 | mom 0.944 | 140.2 min
epoca  100 | train 0.46500 | val 0.46366 | AUC 0.8593 | lr 0.006767 | mom 0.945 | 141.6 min
epoca  101 | train 0.46477 | val 0.46647 | AUC 0.8573 | lr 0.006633 | mom 0.945 | 143.0 min
epoca  102 | train 0.46447 | val 0.46366 | AUC 0.8593 | lr 0.006501 | mom 0.945 | 144.4 min
epoca  103 | train 0.46404 | val 0.46536 | AUC 0.8584 | lr 0.006373 | mom 0.946 | 145.9 min
epoca  104 | train 0.46384 | val 0.46510 | AUC 0.8585 | lr 0.006247 | mom 0.946 | 147.3 min
epoca  105 | train 0.46347 | val 0.46505 | AUC 0.8582 | lr 0.006123 | mom 0.947 | 148.7 min
epoca  106 | train 0.46320 | val 0.46213 | AUC 0.8607 | lr 0.006002 | mom 0.947 | 150.1 min
epoca  107 | train 0.46277 | val 0.46769 | AUC 0.8587 | lr 0.005883 | mom 0.948 | 151.5 min
epoca  108 | train 0.46246 | val 0.46355 | AUC 0.8600 | lr 0.005766 | mom 0.948 | 152.9 min
epoca  109 | train 0.46208 | val 0.46300 | AUC 0.8607 | lr 0.005652 | mom 0.949 | 154.4 min
epoca  110 | train 0.46188 | val 0.46389 | AUC 0.8596 | lr 0.005540 | mom 0.949 | 155.8 min
epoca  111 | train 0.46149 | val 0.46698 | AUC 0.8599 | lr 0.005430 | mom 0.950 | 157.2 min
epoca  112 | train 0.46127 | val 0.46043 | AUC 0.8621 | lr 0.005323 | mom 0.950 | 158.6 min
epoca  113 | train 0.46110 | val 0.46282 | AUC 0.8596 | lr 0.005218 | mom 0.950 | 160.0 min
epoca  114 | train 0.46078 | val 0.46165 | AUC 0.8614 | lr 0.005114 | mom 0.951 | 161.4 min
epoca  115 | train 0.46047 | val 0.46247 | AUC 0.8604 | lr 0.005013 | mom 0.951 | 162.9 min
epoca  116 | train 0.46031 | val 0.46165 | AUC 0.8612 | lr 0.004914 | mom 0.952 | 164.3 min
epoca  117 | train 0.45996 | val 0.46168 | AUC 0.8621 | lr 0.004816 | mom 0.952 | 165.7 min
epoca  118 | train 0.45970 | val 0.46054 | AUC 0.8623 | lr 0.004721 | mom 0.953 | 167.1 min
epoca  119 | train 0.45957 | val 0.46374 | AUC 0.8602 | lr 0.004628 | mom 0.953 | 168.5 min
epoca  120 | train 0.45935 | val 0.45961 | AUC 0.8623 | lr 0.004536 | mom 0.954 | 169.9 min
epoca  121 | train 0.45905 | val 0.46180 | AUC 0.8607 | lr 0.004446 | mom 0.954 | 171.4 min
epoca  122 | train 0.45882 | val 0.46270 | AUC 0.8605 | lr 0.004358 | mom 0.954 | 172.8 min
epoca  123 | train 0.45864 | val 0.46360 | AUC 0.8599 | lr 0.004272 | mom 0.955 | 174.2 min
epoca  124 | train 0.45839 | val 0.45884 | AUC 0.8624 | lr 0.004187 | mom 0.955 | 175.6 min
epoca  125 | train 0.45818 | val 0.46139 | AUC 0.8624 | lr 0.004104 | mom 0.956 | 177.0 min
epoca  126 | train 0.45795 | val 0.45879 | AUC 0.8629 | lr 0.004023 | mom 0.956 | 178.4 min
epoca  127 | train 0.45771 | val 0.45904 | AUC 0.8623 | lr 0.003943 | mom 0.957 | 179.8 min
epoca  128 | train 0.45745 | val 0.45764 | AUC 0.8633 | lr 0.003865 | mom 0.957 | 181.3 min
epoca  129 | train 0.45722 | val 0.46121 | AUC 0.8626 | lr 0.003789 | mom 0.958 | 182.7 min
epoca  130 | train 0.45700 | val 0.45888 | AUC 0.8626 | lr 0.003714 | mom 0.958 | 184.1 min
epoca  131 | train 0.45668 | val 0.46254 | AUC 0.8626 | lr 0.003640 | mom 0.959 | 185.5 min
epoca  132 | train 0.45651 | val 0.45919 | AUC 0.8631 | lr 0.003568 | mom 0.959 | 186.9 min
epoca  133 | train 0.45632 | val 0.45647 | AUC 0.8641 | lr 0.003497 | mom 0.959 | 188.3 min
epoca  134 | train 0.45615 | val 0.46022 | AUC 0.8633 | lr 0.003428 | mom 0.960 | 189.8 min
epoca  135 | train 0.45587 | val 0.45725 | AUC 0.8635 | lr 0.003360 | mom 0.960 | 191.2 min
epoca  136 | train 0.45568 | val 0.45785 | AUC 0.8638 | lr 0.003294 | mom 0.961 | 192.6 min
epoca  137 | train 0.45550 | val 0.45612 | AUC 0.8645 | lr 0.003229 | mom 0.961 | 194.0 min
epoca  138 | train 0.45537 | val 0.45875 | AUC 0.8627 | lr 0.003165 | mom 0.962 | 195.4 min
epoca  139 | train 0.45514 | val 0.45829 | AUC 0.8635 | lr 0.003102 | mom 0.962 | 196.8 min
epoca  140 | train 0.45492 | val 0.45879 | AUC 0.8628 | lr 0.003041 | mom 0.963 | 198.3 min
epoca  141 | train 0.45477 | val 0.45473 | AUC 0.8655 | lr 0.002980 | mom 0.963 | 199.7 min
epoca  142 | train 0.45454 | val 0.45715 | AUC 0.8646 | lr 0.002921 | mom 0.963 | 201.1 min
epoca  143 | train 0.45444 | val 0.45502 | AUC 0.8651 | lr 0.002863 | mom 0.964 | 202.5 min
epoca  144 | train 0.45414 | val 0.45606 | AUC 0.8645 | lr 0.002807 | mom 0.964 | 203.9 min
epoca  145 | train 0.45404 | val 0.45732 | AUC 0.8639 | lr 0.002751 | mom 0.965 | 205.3 min
epoca  146 | train 0.45385 | val 0.45762 | AUC 0.8639 | lr 0.002697 | mom 0.965 | 206.8 min
epoca  147 | train 0.45367 | val 0.45721 | AUC 0.8639 | lr 0.002643 | mom 0.966 | 208.2 min
epoca  148 | train 0.45356 | val 0.45825 | AUC 0.8630 | lr 0.002591 | mom 0.966 | 209.6 min
epoca  149 | train 0.45327 | val 0.45834 | AUC 0.8659 | lr 0.002540 | mom 0.967 | 211.0 min
epoca  150 | train 0.45319 | val 0.45903 | AUC 0.8662 | lr 0.002489 | mom 0.967 | 212.4 min
epoca  151 | train 0.45299 | val 0.45426 | AUC 0.8662 | lr 0.002440 | mom 0.968 | 213.8 min
epoca  152 | train 0.45287 | val 0.45381 | AUC 0.8661 | lr 0.002392 | mom 0.968 | 215.3 min
epoca  153 | train 0.45268 | val 0.45902 | AUC 0.8648 | lr 0.002344 | mom 0.968 | 216.7 min
epoca  154 | train 0.45257 | val 0.45545 | AUC 0.8648 | lr 0.002298 | mom 0.969 | 218.1 min
epoca  155 | train 0.45242 | val 0.45642 | AUC 0.8659 | lr 0.002252 | mom 0.969 | 219.5 min
epoca  156 | train 0.45225 | val 0.45427 | AUC 0.8657 | lr 0.002208 | mom 0.970 | 220.9 min
epoca  157 | train 0.45214 | val 0.45533 | AUC 0.8650 | lr 0.002164 | mom 0.970 | 222.3 min
epoca  158 | train 0.45196 | val 0.45485 | AUC 0.8659 | lr 0.002121 | mom 0.971 | 223.7 min
epoca  159 | train 0.45197 | val 0.45483 | AUC 0.8655 | lr 0.002079 | mom 0.971 | 225.2 min
epoca  160 | train 0.45184 | val 0.45697 | AUC 0.8638 | lr 0.002038 | mom 0.972 | 226.6 min
epoca  161 | train 0.45176 | val 0.45328 | AUC 0.8670 | lr 0.001998 | mom 0.972 | 228.0 min
epoca  162 | train 0.45154 | val 0.45671 | AUC 0.8653 | lr 0.001958 | mom 0.972 | 229.4 min
epoca  163 | train 0.45149 | val 0.45696 | AUC 0.8657 | lr 0.001919 | mom 0.973 | 230.8 min
epoca  164 | train 0.45142 | val 0.45441 | AUC 0.8658 | lr 0.001881 | mom 0.973 | 232.2 min
epoca  165 | train 0.45129 | val 0.45250 | AUC 0.8667 | lr 0.001844 | mom 0.974 | 233.7 min
epoca  166 | train 0.45121 | val 0.45135 | AUC 0.8675 | lr 0.001808 | mom 0.974 | 235.1 min
epoca  167 | train 0.45113 | val 0.45172 | AUC 0.8671 | lr 0.001772 | mom 0.975 | 236.5 min
epoca  168 | train 0.45113 | val 0.45245 | AUC 0.8667 | lr 0.001737 | mom 0.975 | 237.9 min
epoca  169 | train 0.45101 | val 0.45425 | AUC 0.8663 | lr 0.001702 | mom 0.976 | 239.3 min
epoca  170 | train 0.45099 | val 0.45421 | AUC 0.8656 | lr 0.001669 | mom 0.976 | 240.7 min
epoca  171 | train 0.45100 | val 0.45396 | AUC 0.8662 | lr 0.001636 | mom 0.977 | 242.2 min
epoca  172 | train 0.45094 | val 0.45237 | AUC 0.8668 | lr 0.001603 | mom 0.977 | 243.6 min
epoca  173 | train 0.45080 | val 0.45404 | AUC 0.8659 | lr 0.001571 | mom 0.977 | 245.0 min
epoca  174 | train 0.45079 | val 0.45473 | AUC 0.8660 | lr 0.001540 | mom 0.978 | 246.4 min
epoca  175 | train 0.45075 | val 0.45826 | AUC 0.8654 | lr 0.001510 | mom 0.978 | 247.8 min
epoca  176 | train 0.45086 | val 0.45418 | AUC 0.8657 | lr 0.001480 | mom 0.979 | 249.2 min
epoca  177 | train 0.45081 | val 0.45491 | AUC 0.8663 | lr 0.001451 | mom 0.979 | 250.7 min
epoca  178 | train 0.45079 | val 0.45363 | AUC 0.8668 | lr 0.001422 | mom 0.980 | 252.1 min
epoca  179 | train 0.45079 | val 0.46209 | AUC 0.8660 | lr 0.001394 | mom 0.980 | 253.5 min
epoca  180 | train 0.45082 | val 0.45388 | AUC 0.8660 | lr 0.001366 | mom 0.981 | 254.9 min
epoca  181 | train 0.45084 | val 0.45517 | AUC 0.8653 | lr 0.001339 | mom 0.981 | 256.3 min
epoca  182 | train 0.45092 | val 0.45208 | AUC 0.8671 | lr 0.001313 | mom 0.981 | 257.7 min
epoca  183 | train 0.45095 | val 0.45132 | AUC 0.8677 | lr 0.001287 | mom 0.982 | 259.2 min
epoca  184 | train 0.45101 | val 0.45665 | AUC 0.8668 | lr 0.001261 | mom 0.982 | 260.6 min
epoca  185 | train 0.45107 | val 0.45520 | AUC 0.8652 | lr 0.001236 | mom 0.983 | 262.0 min
epoca  186 | train 0.45113 | val 0.45456 | AUC 0.8658 | lr 0.001212 | mom 0.983 | 263.4 min
epoca  187 | train 0.45115 | val 0.45326 | AUC 0.8663 | lr 0.001188 | mom 0.984 | 264.8 min
epoca  188 | train 0.45130 | val 0.45324 | AUC 0.8666 | lr 0.001164 | mom 0.984 | 266.2 min
epoca  189 | train 0.45149 | val 0.45312 | AUC 0.8669 | lr 0.001141 | mom 0.985 | 267.7 min
epoca  190 | train 0.45164 | val 0.45884 | AUC 0.8638 | lr 0.001119 | mom 0.985 | 269.1 min
epoca  191 | train 0.45167 | val 0.45438 | AUC 0.8661 | lr 0.001096 | mom 0.986 | 270.5 min
epoca  192 | train 0.45173 | val 0.45263 | AUC 0.8666 | lr 0.001075 | mom 0.986 | 271.9 min
epoca  193 | train 0.45203 | val 0.45606 | AUC 0.8657 | lr 0.001053 | mom 0.986 | 273.3 min
epoca  194 | train 0.45231 | val 0.46284 | AUC 0.8656 | lr 0.001033 | mom 0.987 | 274.7 min
epoca  195 | train 0.45241 | val 0.45358 | AUC 0.8659 | lr 0.001012 | mom 0.987 | 276.2 min
epoca  196 | train 0.45264 | val 0.45823 | AUC 0.8634 | lr 0.000992 | mom 0.988 | 277.6 min
epoca  197 | train 0.45294 | val 0.45318 | AUC 0.8665 | lr 0.000972 | mom 0.988 | 279.0 min
epoca  198 | train 0.45334 | val 0.45697 | AUC 0.8650 | lr 0.000953 | mom 0.989 | 280.4 min
epoca  199 | train 0.45358 | val 0.45759 | AUC 0.8644 | lr 0.000934 | mom 0.989 | 281.8 min
epoca  200 | train 0.45390 | val 0.45788 | AUC 0.8635 | lr 0.000916 | mom 0.990 | 283.2 min
epoca  201 | train 0.45441 | val 0.45897 | AUC 0.8646 | lr 0.000898 | mom 0.990 | 284.7 min

Fermato: nessun miglioramento da 10 epoche.

Migliore perdita di validation: 0.45132
Epoche eseguite: 201
Tempo totale: 284.7 min

[seme 0] TEST: perdita 0.45109, AUC 0.8679

============================================================
deep_low: AUC = 0.8679  (un solo seme)
semi inclusi  : [0]
valori singoli: [0.8679]
epoche         : [201]
============================================================
