============================================================
Configurazione : deep_high
Semi           : [2, 3, 4]
Eventi train   : 2,600,000
Batch          : 100
Epoche massime : 300
============================================================

feature set : high  (7 colonne)
  train : 2,600,000 eventi
  val   :   500,000 eventi
  test  :   500,000 eventi
  colonne riscalate a media 1 (positive) : 7
  colonne standardizzate a media 0       : 0


------------------------------------------------------------
[seme 2] inizio
------------------------------------------------------------
Addestramento su cpu, 2,600,000 eventi, batch da 100
26,000 aggiornamenti per epoca

epoca    1 | train 0.58282 | val 0.56819 | AUC 0.7717 | lr 0.04974 | mom 0.900 | 2.4 min
epoca    2 | train 0.56237 | val 0.55360 | AUC 0.7848 | lr 0.04948 | mom 0.900 | 4.5 min
epoca    3 | train 0.55913 | val 0.55465 | AUC 0.7847 | lr 0.04923 | mom 0.901 | 7.0 min
epoca    4 | train 0.55735 | val 0.55448 | AUC 0.7861 | lr 0.04897 | mom 0.901 | 9.4 min
epoca    5 | train 0.55631 | val 0.56048 | AUC 0.7791 | lr 0.04872 | mom 0.902 | 11.9 min
epoca    6 | train 0.55562 | val 0.55454 | AUC 0.7870 | lr 0.04846 | mom 0.902 | 14.1 min
epoca    7 | train 0.55490 | val 0.55867 | AUC 0.7838 | lr 0.04821 | mom 0.903 | 15.7 min
epoca    8 | train 0.55455 | val 0.55326 | AUC 0.7864 | lr 0.04796 | mom 0.903 | 17.3 min
epoca    9 | train 0.55405 | val 0.54987 | AUC 0.7895 | lr 0.04771 | mom 0.904 | 19.1 min
epoca   10 | train 0.55390 | val 0.55106 | AUC 0.7878 | lr 0.04747 | mom 0.904 | 20.9 min
epoca   11 | train 0.55360 | val 0.54992 | AUC 0.7884 | lr 0.04722 | mom 0.904 | 22.8 min
epoca   12 | train 0.55342 | val 0.55278 | AUC 0.7867 | lr 0.04698 | mom 0.905 | 24.5 min
epoca   13 | train 0.55335 | val 0.55213 | AUC 0.7866 | lr 0.04673 | mom 0.905 | 26.3 min
epoca   14 | train 0.55313 | val 0.55228 | AUC 0.7885 | lr 0.04649 | mom 0.906 | 28.1 min
epoca   15 | train 0.55308 | val 0.55529 | AUC 0.7842 | lr 0.04625 | mom 0.906 | 30.0 min
epoca   16 | train 0.55280 | val 0.55740 | AUC 0.7848 | lr 0.04601 | mom 0.907 | 31.8 min
epoca   17 | train 0.55279 | val 0.55177 | AUC 0.7865 | lr 0.04577 | mom 0.907 | 33.5 min
epoca   18 | train 0.55262 | val 0.55843 | AUC 0.7818 | lr 0.04553 | mom 0.908 | 35.3 min
epoca   19 | train 0.55258 | val 0.54950 | AUC 0.7885 | lr 0.04530 | mom 0.908 | 37.1 min
epoca   20 | train 0.55257 | val 0.56686 | AUC 0.7824 | lr 0.04506 | mom 0.909 | 38.9 min
epoca   21 | train 0.55231 | val 0.55410 | AUC 0.7865 | lr 0.04483 | mom 0.909 | 40.7 min
epoca   22 | train 0.55226 | val 0.55029 | AUC 0.7889 | lr 0.04460 | mom 0.909 | 42.6 min
epoca   23 | train 0.55235 | val 0.54940 | AUC 0.7886 | lr 0.04436 | mom 0.910 | 44.4 min
epoca   24 | train 0.55239 | val 0.54969 | AUC 0.7899 | lr 0.04413 | mom 0.910 | 46.3 min
epoca   25 | train 0.55210 | val 0.54552 | AUC 0.7923 | lr 0.04390 | mom 0.911 | 48.1 min
epoca   26 | train 0.55212 | val 0.55199 | AUC 0.7893 | lr 0.04368 | mom 0.911 | 49.9 min
epoca   27 | train 0.55208 | val 0.55362 | AUC 0.7892 | lr 0.04345 | mom 0.912 | 51.7 min
epoca   28 | train 0.55210 | val 0.56106 | AUC 0.7819 | lr 0.04323 | mom 0.912 | 53.5 min
epoca   29 | train 0.55192 | val 0.54635 | AUC 0.7914 | lr 0.04300 | mom 0.913 | 55.3 min
epoca   30 | train 0.55186 | val 0.54921 | AUC 0.7893 | lr 0.04278 | mom 0.913 | 57.1 min
epoca   31 | train 0.55190 | val 0.54897 | AUC 0.7901 | lr 0.04256 | mom 0.913 | 58.9 min
epoca   32 | train 0.55191 | val 0.55754 | AUC 0.7869 | lr 0.04234 | mom 0.914 | 60.7 min
epoca   33 | train 0.55174 | val 0.55053 | AUC 0.7876 | lr 0.04212 | mom 0.914 | 62.6 min
epoca   34 | train 0.55159 | val 0.54893 | AUC 0.7899 | lr 0.04190 | mom 0.915 | 64.4 min
epoca   35 | train 0.55168 | val 0.55146 | AUC 0.7881 | lr 0.04168 | mom 0.915 | 66.2 min
epoca   36 | train 0.55162 | val 0.55048 | AUC 0.7884 | lr 0.04146 | mom 0.916 | 68.0 min
epoca   37 | train 0.55162 | val 0.55026 | AUC 0.7886 | lr 0.04125 | mom 0.916 | 69.8 min
epoca   38 | train 0.55176 | val 0.55350 | AUC 0.7900 | lr 0.04103 | mom 0.917 | 71.6 min
epoca   39 | train 0.55161 | val 0.55077 | AUC 0.7900 | lr 0.04082 | mom 0.917 | 73.5 min
epoca   40 | train 0.55159 | val 0.54923 | AUC 0.7898 | lr 0.04061 | mom 0.918 | 75.3 min
epoca   41 | train 0.55165 | val 0.54671 | AUC 0.7916 | lr 0.04040 | mom 0.918 | 77.0 min
epoca   42 | train 0.55155 | val 0.55084 | AUC 0.7900 | lr 0.04019 | mom 0.918 | 78.8 min
epoca   43 | train 0.55155 | val 0.54900 | AUC 0.7898 | lr 0.03998 | mom 0.919 | 80.6 min
epoca   44 | train 0.55154 | val 0.55356 | AUC 0.7855 | lr 0.03977 | mom 0.919 | 82.4 min
epoca   45 | train 0.55150 | val 0.56444 | AUC 0.7856 | lr 0.03957 | mom 0.920 | 84.2 min
epoca   46 | train 0.55137 | val 0.55196 | AUC 0.7868 | lr 0.03936 | mom 0.920 | 86.1 min
epoca   47 | train 0.55140 | val 0.55323 | AUC 0.7869 | lr 0.03916 | mom 0.921 | 87.9 min
epoca   48 | train 0.55139 | val 0.54878 | AUC 0.7905 | lr 0.03896 | mom 0.921 | 89.7 min
epoca   49 | train 0.55129 | val 0.54970 | AUC 0.7891 | lr 0.03875 | mom 0.922 | 91.5 min
epoca   50 | train 0.55128 | val 0.55296 | AUC 0.7885 | lr 0.03855 | mom 0.922 | 93.3 min
epoca   51 | train 0.55130 | val 0.55197 | AUC 0.7875 | lr 0.03835 | mom 0.922 | 95.1 min
epoca   52 | train 0.55138 | val 0.55313 | AUC 0.7892 | lr 0.03815 | mom 0.923 | 96.9 min
epoca   53 | train 0.55125 | val 0.55430 | AUC 0.7867 | lr 0.03796 | mom 0.923 | 98.7 min
epoca   54 | train 0.55135 | val 0.54824 | AUC 0.7907 | lr 0.03776 | mom 0.924 | 100.5 min
epoca   55 | train 0.55129 | val 0.54741 | AUC 0.7905 | lr 0.03756 | mom 0.924 | 102.3 min
epoca   56 | train 0.55134 | val 0.55191 | AUC 0.7884 | lr 0.03737 | mom 0.925 | 104.2 min
epoca   57 | train 0.55125 | val 0.55390 | AUC 0.7857 | lr 0.03717 | mom 0.925 | 106.1 min
epoca   58 | train 0.55130 | val 0.55521 | AUC 0.7836 | lr 0.03698 | mom 0.926 | 107.8 min
epoca   59 | train 0.55117 | val 0.55138 | AUC 0.7865 | lr 0.03679 | mom 0.926 | 109.6 min
epoca   60 | train 0.55142 | val 0.55561 | AUC 0.7907 | lr 0.03660 | mom 0.927 | 111.4 min
epoca   61 | train 0.55123 | val 0.55112 | AUC 0.7870 | lr 0.03641 | mom 0.927 | 113.2 min
epoca   62 | train 0.55131 | val 0.54700 | AUC 0.7912 | lr 0.03622 | mom 0.927 | 115.0 min
epoca   63 | train 0.55133 | val 0.54536 | AUC 0.7922 | lr 0.03603 | mom 0.928 | 116.8 min
epoca   64 | train 0.55126 | val 0.55361 | AUC 0.7861 | lr 0.03585 | mom 0.928 | 118.6 min
epoca   65 | train 0.55121 | val 0.54974 | AUC 0.7884 | lr 0.03566 | mom 0.929 | 120.3 min
epoca   66 | train 0.55117 | val 0.55804 | AUC 0.7851 | lr 0.03547 | mom 0.929 | 122.1 min
epoca   67 | train 0.55118 | val 0.54693 | AUC 0.7913 | lr 0.03529 | mom 0.930 | 124.0 min
epoca   68 | train 0.55093 | val 0.55133 | AUC 0.7879 | lr 0.03511 | mom 0.930 | 125.7 min
epoca   69 | train 0.55113 | val 0.54932 | AUC 0.7899 | lr 0.03493 | mom 0.931 | 127.5 min
epoca   70 | train 0.55121 | val 0.54816 | AUC 0.7910 | lr 0.03474 | mom 0.931 | 129.3 min
epoca   71 | train 0.55118 | val 0.54832 | AUC 0.7901 | lr 0.03456 | mom 0.931 | 131.1 min
epoca   72 | train 0.55127 | val 0.55110 | AUC 0.7895 | lr 0.03439 | mom 0.932 | 132.9 min
epoca   73 | train 0.55119 | val 0.55233 | AUC 0.7884 | lr 0.03421 | mom 0.932 | 134.7 min
epoca   74 | train 0.55120 | val 0.55207 | AUC 0.7886 | lr 0.03403 | mom 0.933 | 136.4 min
epoca   75 | train 0.55091 | val 0.55092 | AUC 0.7870 | lr 0.03385 | mom 0.933 | 138.3 min
epoca   76 | train 0.55121 | val 0.55242 | AUC 0.7877 | lr 0.03368 | mom 0.934 | 140.0 min
epoca   77 | train 0.55117 | val 0.54854 | AUC 0.7900 | lr 0.03350 | mom 0.934 | 141.8 min
epoca   78 | train 0.55119 | val 0.55091 | AUC 0.7896 | lr 0.03333 | mom 0.935 | 143.6 min
epoca   79 | train 0.55123 | val 0.55087 | AUC 0.7888 | lr 0.03316 | mom 0.935 | 145.4 min
epoca   80 | train 0.55113 | val 0.55085 | AUC 0.7899 | lr 0.03298 | mom 0.936 | 147.1 min
