============================================================
Configurazione : deep_low
Stack          : 2014  (tanh + sgd)
Semi           : [1, 2]
Eventi train   : 10,000,000
Batch          : 100
Epoche massime : 300
Risultati in   : results/riproduzione/
Log TensorBoard: runs/riproduzione/
============================================================

feature set : low  (21 colonne)
  train : 10,000,000 eventi
  val   :   500,000 eventi
  test  :   500,000 eventi
  colonne riscalate a media 1 (positive) : 6
  colonne standardizzate a media 0       : 15


------------------------------------------------------------
[seme 1] inizio
------------------------------------------------------------
Addestramento su cuda, 10,000,000 eventi, batch da 100
Ottimizzatore: sgd, lr iniziale 0.05
100,000 aggiornamenti per epoca
Log TensorBoard in /home/luca/Desktop/Code/ali/Deep-Learning/ExoticParticles_HEP/runs/riproduzione/deep_low_seme1

epoca    1 | train 0.59357 | val 0.56472 | AUC 0.7783 | lr 0.049010 | mom 0.900 | 1.4 min
epoca    2 | train 0.56036 | val 0.55727 | AUC 0.7863 | lr 0.048039 | mom 0.900 | 2.9 min
epoca    3 | train 0.55169 | val 0.54503 | AUC 0.7956 | lr 0.047088 | mom 0.901 | 4.3 min
epoca    4 | train 0.54404 | val 0.54114 | AUC 0.8024 | lr 0.046156 | mom 0.901 | 5.7 min
epoca    5 | train 0.53674 | val 0.53323 | AUC 0.8055 | lr 0.045242 | mom 0.902 | 7.1 min
epoca    6 | train 0.53180 | val 0.53102 | AUC 0.8104 | lr 0.044346 | mom 0.902 | 8.6 min
epoca    7 | train 0.52787 | val 0.52562 | AUC 0.8132 | lr 0.043468 | mom 0.903 | 10.0 min
epoca    8 | train 0.52442 | val 0.52588 | AUC 0.8125 | lr 0.042607 | mom 0.903 | 11.4 min
epoca    9 | train 0.52151 | val 0.52000 | AUC 0.8202 | lr 0.041764 | mom 0.904 | 12.8 min
epoca   10 | train 0.51905 | val 0.52069 | AUC 0.8218 | lr 0.040937 | mom 0.904 | 14.3 min
epoca   11 | train 0.51699 | val 0.51558 | AUC 0.8218 | lr 0.040126 | mom 0.904 | 15.7 min
epoca   12 | train 0.51497 | val 0.51179 | AUC 0.8246 | lr 0.039331 | mom 0.905 | 17.1 min
epoca   13 | train 0.51318 | val 0.51022 | AUC 0.8251 | lr 0.038553 | mom 0.905 | 18.5 min
epoca   14 | train 0.51183 | val 0.51599 | AUC 0.8244 | lr 0.037789 | mom 0.906 | 20.0 min
epoca   15 | train 0.51076 | val 0.50604 | AUC 0.8289 | lr 0.037041 | mom 0.906 | 21.4 min
epoca   16 | train 0.50967 | val 0.51247 | AUC 0.8232 | lr 0.036307 | mom 0.907 | 22.8 min
epoca   17 | train 0.50829 | val 0.51019 | AUC 0.8273 | lr 0.035589 | mom 0.907 | 24.2 min
epoca   18 | train 0.50703 | val 0.50445 | AUC 0.8303 | lr 0.034884 | mom 0.908 | 25.7 min
epoca   19 | train 0.50603 | val 0.51208 | AUC 0.8285 | lr 0.034193 | mom 0.908 | 27.1 min
epoca   20 | train 0.50500 | val 0.50392 | AUC 0.8297 | lr 0.033516 | mom 0.909 | 28.5 min
epoca   21 | train 0.50410 | val 0.50440 | AUC 0.8315 | lr 0.032852 | mom 0.909 | 29.9 min
epoca   22 | train 0.50335 | val 0.50372 | AUC 0.8315 | lr 0.032202 | mom 0.909 | 31.4 min
epoca   23 | train 0.50268 | val 0.50324 | AUC 0.8309 | lr 0.031564 | mom 0.910 | 32.8 min
epoca   24 | train 0.50188 | val 0.49756 | AUC 0.8351 | lr 0.030939 | mom 0.910 | 34.2 min
epoca   25 | train 0.50117 | val 0.50127 | AUC 0.8324 | lr 0.030327 | mom 0.911 | 35.6 min
epoca   26 | train 0.50058 | val 0.50193 | AUC 0.8333 | lr 0.029726 | mom 0.911 | 37.1 min
epoca   27 | train 0.49992 | val 0.49672 | AUC 0.8362 | lr 0.029137 | mom 0.912 | 38.5 min
epoca   28 | train 0.49899 | val 0.49704 | AUC 0.8372 | lr 0.028560 | mom 0.912 | 39.9 min
epoca   29 | train 0.49834 | val 0.49876 | AUC 0.8347 | lr 0.027995 | mom 0.913 | 41.3 min
epoca   30 | train 0.49759 | val 0.50206 | AUC 0.8374 | lr 0.027441 | mom 0.913 | 42.8 min
epoca   31 | train 0.49705 | val 0.49655 | AUC 0.8364 | lr 0.026897 | mom 0.913 | 44.2 min
epoca   32 | train 0.49638 | val 0.50696 | AUC 0.8360 | lr 0.026365 | mom 0.914 | 45.6 min
epoca   33 | train 0.49576 | val 0.49480 | AUC 0.8380 | lr 0.025843 | mom 0.914 | 47.0 min
epoca   34 | train 0.49517 | val 0.49800 | AUC 0.8355 | lr 0.025331 | mom 0.915 | 48.5 min
epoca   35 | train 0.49477 | val 0.49486 | AUC 0.8373 | lr 0.024829 | mom 0.915 | 49.9 min
epoca   36 | train 0.49411 | val 0.49286 | AUC 0.8386 | lr 0.024338 | mom 0.916 | 51.3 min
epoca   37 | train 0.49374 | val 0.49395 | AUC 0.8387 | lr 0.023856 | mom 0.916 | 52.7 min
epoca   38 | train 0.49304 | val 0.49066 | AUC 0.8401 | lr 0.023383 | mom 0.917 | 54.2 min
epoca   39 | train 0.49221 | val 0.48977 | AUC 0.8409 | lr 0.022920 | mom 0.917 | 55.6 min
epoca   40 | train 0.49166 | val 0.49206 | AUC 0.8401 | lr 0.022466 | mom 0.918 | 57.0 min
epoca   41 | train 0.49110 | val 0.48848 | AUC 0.8424 | lr 0.022022 | mom 0.918 | 58.4 min
epoca   42 | train 0.49062 | val 0.49874 | AUC 0.8375 | lr 0.021586 | mom 0.918 | 59.9 min
epoca   43 | train 0.49010 | val 0.48704 | AUC 0.8428 | lr 0.021158 | mom 0.919 | 61.3 min
epoca   44 | train 0.48963 | val 0.49260 | AUC 0.8387 | lr 0.020739 | mom 0.919 | 62.7 min
epoca   45 | train 0.48917 | val 0.49140 | AUC 0.8412 | lr 0.020328 | mom 0.920 | 64.1 min
epoca   46 | train 0.48864 | val 0.48797 | AUC 0.8423 | lr 0.019926 | mom 0.920 | 65.6 min
epoca   47 | train 0.48812 | val 0.48514 | AUC 0.8442 | lr 0.019531 | mom 0.921 | 67.0 min
epoca   48 | train 0.48764 | val 0.48853 | AUC 0.8419 | lr 0.019145 | mom 0.921 | 68.4 min
epoca   49 | train 0.48725 | val 0.48705 | AUC 0.8431 | lr 0.018766 | mom 0.922 | 69.8 min
epoca   50 | train 0.48671 | val 0.48810 | AUC 0.8438 | lr 0.018394 | mom 0.922 | 71.2 min
epoca   51 | train 0.48631 | val 0.48644 | AUC 0.8436 | lr 0.018030 | mom 0.922 | 72.7 min
epoca   52 | train 0.48586 | val 0.48343 | AUC 0.8454 | lr 0.017673 | mom 0.923 | 74.1 min
epoca   53 | train 0.48534 | val 0.48574 | AUC 0.8440 | lr 0.017323 | mom 0.923 | 75.5 min
epoca   54 | train 0.48484 | val 0.48763 | AUC 0.8460 | lr 0.016980 | mom 0.924 | 76.9 min
epoca   55 | train 0.48445 | val 0.48185 | AUC 0.8468 | lr 0.016644 | mom 0.924 | 78.4 min
epoca   56 | train 0.48398 | val 0.48391 | AUC 0.8459 | lr 0.016314 | mom 0.925 | 79.8 min
epoca   57 | train 0.48345 | val 0.48734 | AUC 0.8441 | lr 0.015991 | mom 0.925 | 81.2 min
epoca   58 | train 0.48306 | val 0.48732 | AUC 0.8461 | lr 0.015674 | mom 0.926 | 82.6 min
epoca   59 | train 0.48262 | val 0.48843 | AUC 0.8450 | lr 0.015364 | mom 0.926 | 84.1 min
epoca   60 | train 0.48216 | val 0.48488 | AUC 0.8465 | lr 0.015060 | mom 0.927 | 85.5 min
epoca   61 | train 0.48164 | val 0.48265 | AUC 0.8461 | lr 0.014762 | mom 0.927 | 86.9 min
epoca   62 | train 0.48116 | val 0.47980 | AUC 0.8487 | lr 0.014469 | mom 0.927 | 88.3 min
epoca   63 | train 0.48061 | val 0.47931 | AUC 0.8488 | lr 0.014183 | mom 0.928 | 89.8 min
epoca   64 | train 0.48008 | val 0.48162 | AUC 0.8480 | lr 0.013902 | mom 0.928 | 91.2 min
epoca   65 | train 0.47959 | val 0.47853 | AUC 0.8490 | lr 0.013627 | mom 0.929 | 92.6 min
epoca   66 | train 0.47895 | val 0.47672 | AUC 0.8505 | lr 0.013357 | mom 0.929 | 94.0 min
epoca   67 | train 0.47862 | val 0.47997 | AUC 0.8478 | lr 0.013092 | mom 0.930 | 95.5 min
epoca   68 | train 0.47819 | val 0.47776 | AUC 0.8494 | lr 0.012833 | mom 0.930 | 96.9 min
epoca   69 | train 0.47769 | val 0.47715 | AUC 0.8498 | lr 0.012579 | mom 0.931 | 98.3 min
epoca   70 | train 0.47720 | val 0.48167 | AUC 0.8487 | lr 0.012330 | mom 0.931 | 99.8 min
epoca   71 | train 0.47685 | val 0.47753 | AUC 0.8510 | lr 0.012086 | mom 0.931 | 101.2 min
epoca   72 | train 0.47635 | val 0.47834 | AUC 0.8496 | lr 0.011846 | mom 0.932 | 102.6 min
epoca   73 | train 0.47591 | val 0.47350 | AUC 0.8523 | lr 0.011612 | mom 0.932 | 104.0 min
epoca   74 | train 0.47531 | val 0.47650 | AUC 0.8504 | lr 0.011382 | mom 0.933 | 105.4 min
epoca   75 | train 0.47485 | val 0.47368 | AUC 0.8533 | lr 0.011157 | mom 0.933 | 106.9 min
epoca   76 | train 0.47433 | val 0.48021 | AUC 0.8511 | lr 0.010936 | mom 0.934 | 108.3 min
