============================================================
Configurazione : deep_high
Semi           : [0, 1]
Eventi train   : 2,600,000
Batch          : 100
Epoche massime : 300
============================================================

feature set : high  (7 colonne)
  train : 2,600,000 eventi
  val   :   500,000 eventi
  test  :   500,000 eventi
  colonne riscalate a media 1 (positive) : 7
  colonne standardizzate a media 0       : 0


------------------------------------------------------------
[seme 0] inizio
------------------------------------------------------------
Addestramento su cpu, 2,600,000 eventi, batch da 100
26,000 aggiornamenti per epoca

epoca    1 | train 0.58196 | val 0.56725 | AUC 0.7731 | lr 0.04974 | mom 0.900 | 2.4 min
epoca    2 | train 0.56325 | val 0.55773 | AUC 0.7811 | lr 0.04948 | mom 0.900 | 4.5 min
epoca    3 | train 0.55962 | val 0.55659 | AUC 0.7820 | lr 0.04923 | mom 0.901 | 7.0 min
epoca    4 | train 0.55784 | val 0.55277 | AUC 0.7876 | lr 0.04897 | mom 0.901 | 9.4 min
epoca    5 | train 0.55674 | val 0.55504 | AUC 0.7862 | lr 0.04872 | mom 0.902 | 12.0 min
epoca    6 | train 0.55592 | val 0.56154 | AUC 0.7821 | lr 0.04846 | mom 0.902 | 14.3 min
epoca    7 | train 0.55544 | val 0.54923 | AUC 0.7895 | lr 0.04821 | mom 0.903 | 15.8 min
epoca    8 | train 0.55478 | val 0.55083 | AUC 0.7881 | lr 0.04796 | mom 0.903 | 17.4 min
epoca    9 | train 0.55433 | val 0.55026 | AUC 0.7876 | lr 0.04771 | mom 0.904 | 19.3 min
epoca   10 | train 0.55403 | val 0.55010 | AUC 0.7885 | lr 0.04747 | mom 0.904 | 21.1 min
epoca   11 | train 0.55384 | val 0.55193 | AUC 0.7871 | lr 0.04722 | mom 0.904 | 22.9 min
epoca   12 | train 0.55344 | val 0.55162 | AUC 0.7892 | lr 0.04698 | mom 0.905 | 24.7 min
epoca   13 | train 0.55332 | val 0.55004 | AUC 0.7889 | lr 0.04673 | mom 0.905 | 26.5 min
epoca   14 | train 0.55327 | val 0.55124 | AUC 0.7882 | lr 0.04649 | mom 0.906 | 28.3 min
epoca   15 | train 0.55289 | val 0.55272 | AUC 0.7860 | lr 0.04625 | mom 0.906 | 30.1 min
epoca   16 | train 0.55279 | val 0.55019 | AUC 0.7883 | lr 0.04601 | mom 0.907 | 31.9 min
epoca   17 | train 0.55258 | val 0.55153 | AUC 0.7887 | lr 0.04577 | mom 0.907 | 33.7 min
epoca   18 | train 0.55226 | val 0.55614 | AUC 0.7866 | lr 0.04553 | mom 0.908 | 35.5 min
epoca   19 | train 0.55244 | val 0.54946 | AUC 0.7909 | lr 0.04530 | mom 0.908 | 37.3 min
epoca   20 | train 0.55235 | val 0.54927 | AUC 0.7899 | lr 0.04506 | mom 0.909 | 39.1 min
epoca   21 | train 0.55219 | val 0.56852 | AUC 0.7820 | lr 0.04483 | mom 0.909 | 40.8 min
epoca   22 | train 0.55213 | val 0.54924 | AUC 0.7892 | lr 0.04460 | mom 0.909 | 42.6 min
epoca   23 | train 0.55207 | val 0.55464 | AUC 0.7841 | lr 0.04436 | mom 0.910 | 44.4 min
epoca   24 | train 0.55192 | val 0.54928 | AUC 0.7904 | lr 0.04413 | mom 0.910 | 46.2 min
epoca   25 | train 0.55208 | val 0.55237 | AUC 0.7869 | lr 0.04390 | mom 0.911 | 48.0 min
epoca   26 | train 0.55195 | val 0.54912 | AUC 0.7904 | lr 0.04368 | mom 0.911 | 49.7 min
epoca   27 | train 0.55181 | val 0.54693 | AUC 0.7919 | lr 0.04345 | mom 0.912 | 51.5 min
epoca   28 | train 0.55173 | val 0.55685 | AUC 0.7833 | lr 0.04323 | mom 0.912 | 53.3 min
epoca   29 | train 0.55178 | val 0.54762 | AUC 0.7903 | lr 0.04300 | mom 0.913 | 55.1 min
epoca   30 | train 0.55176 | val 0.55261 | AUC 0.7850 | lr 0.04278 | mom 0.913 | 56.9 min
epoca   31 | train 0.55171 | val 0.54913 | AUC 0.7892 | lr 0.04256 | mom 0.913 | 58.7 min
epoca   32 | train 0.55166 | val 0.55382 | AUC 0.7861 | lr 0.04234 | mom 0.914 | 60.5 min
epoca   33 | train 0.55164 | val 0.55226 | AUC 0.7897 | lr 0.04212 | mom 0.914 | 62.4 min
epoca   34 | train 0.55173 | val 0.55015 | AUC 0.7889 | lr 0.04190 | mom 0.915 | 64.2 min
epoca   35 | train 0.55159 | val 0.54733 | AUC 0.7906 | lr 0.04168 | mom 0.915 | 66.0 min
epoca   36 | train 0.55161 | val 0.54920 | AUC 0.7911 | lr 0.04146 | mom 0.916 | 67.8 min
epoca   37 | train 0.55148 | val 0.55447 | AUC 0.7898 | lr 0.04125 | mom 0.916 | 69.6 min
epoca   38 | train 0.55140 | val 0.55530 | AUC 0.7859 | lr 0.04103 | mom 0.917 | 71.4 min
epoca   39 | train 0.55139 | val 0.54838 | AUC 0.7901 | lr 0.04082 | mom 0.917 | 73.2 min
epoca   40 | train 0.55148 | val 0.55349 | AUC 0.7868 | lr 0.04061 | mom 0.918 | 75.0 min
epoca   41 | train 0.55130 | val 0.54991 | AUC 0.7889 | lr 0.04040 | mom 0.918 | 76.8 min
epoca   42 | train 0.55148 | val 0.55412 | AUC 0.7856 | lr 0.04019 | mom 0.918 | 78.6 min
epoca   43 | train 0.55141 | val 0.54701 | AUC 0.7913 | lr 0.03998 | mom 0.919 | 80.5 min
epoca   44 | train 0.55123 | val 0.55615 | AUC 0.7887 | lr 0.03977 | mom 0.919 | 82.2 min
epoca   45 | train 0.55125 | val 0.55171 | AUC 0.7864 | lr 0.03957 | mom 0.920 | 84.0 min
epoca   46 | train 0.55136 | val 0.54752 | AUC 0.7908 | lr 0.03936 | mom 0.920 | 85.7 min
epoca   47 | train 0.55132 | val 0.54651 | AUC 0.7914 | lr 0.03916 | mom 0.921 | 87.5 min
epoca   48 | train 0.55125 | val 0.55045 | AUC 0.7870 | lr 0.03896 | mom 0.921 | 89.3 min
epoca   49 | train 0.55127 | val 0.54748 | AUC 0.7912 | lr 0.03875 | mom 0.922 | 91.1 min
epoca   50 | train 0.55124 | val 0.55296 | AUC 0.7888 | lr 0.03855 | mom 0.922 | 92.8 min
epoca   51 | train 0.55132 | val 0.55097 | AUC 0.7879 | lr 0.03835 | mom 0.922 | 94.6 min
epoca   52 | train 0.55115 | val 0.55125 | AUC 0.7882 | lr 0.03815 | mom 0.923 | 96.3 min
epoca   53 | train 0.55125 | val 0.55277 | AUC 0.7893 | lr 0.03796 | mom 0.923 | 98.1 min
epoca   54 | train 0.55135 | val 0.54717 | AUC 0.7913 | lr 0.03776 | mom 0.924 | 99.8 min
epoca   55 | train 0.55125 | val 0.54773 | AUC 0.7915 | lr 0.03756 | mom 0.924 | 101.6 min
epoca   56 | train 0.55146 | val 0.54884 | AUC 0.7908 | lr 0.03737 | mom 0.925 | 103.4 min
epoca   57 | train 0.55112 | val 0.54772 | AUC 0.7909 | lr 0.03717 | mom 0.925 | 105.3 min
epoca   58 | train 0.55108 | val 0.55675 | AUC 0.7869 | lr 0.03698 | mom 0.926 | 107.1 min
epoca   59 | train 0.55114 | val 0.55352 | AUC 0.7849 | lr 0.03679 | mom 0.926 | 108.9 min
epoca   60 | train 0.55112 | val 0.55206 | AUC 0.7868 | lr 0.03660 | mom 0.927 | 110.7 min
epoca   61 | train 0.55107 | val 0.55310 | AUC 0.7868 | lr 0.03641 | mom 0.927 | 112.4 min
epoca   62 | train 0.55125 | val 0.54822 | AUC 0.7911 | lr 0.03622 | mom 0.927 | 114.2 min
epoca   63 | train 0.55112 | val 0.54911 | AUC 0.7889 | lr 0.03603 | mom 0.928 | 116.0 min
epoca   64 | train 0.55122 | val 0.54786 | AUC 0.7902 | lr 0.03585 | mom 0.928 | 117.8 min
epoca   65 | train 0.55110 | val 0.55419 | AUC 0.7851 | lr 0.03566 | mom 0.929 | 119.5 min
epoca   66 | train 0.55117 | val 0.55146 | AUC 0.7891 | lr 0.03547 | mom 0.929 | 121.3 min
epoca   67 | train 0.55122 | val 0.54902 | AUC 0.7905 | lr 0.03529 | mom 0.930 | 123.1 min
epoca   68 | train 0.55115 | val 0.54981 | AUC 0.7889 | lr 0.03511 | mom 0.930 | 124.9 min
epoca   69 | train 0.55125 | val 0.54931 | AUC 0.7920 | lr 0.03493 | mom 0.931 | 126.6 min
epoca   70 | train 0.55119 | val 0.54643 | AUC 0.7913 | lr 0.03474 | mom 0.931 | 128.4 min
epoca   71 | train 0.55120 | val 0.55387 | AUC 0.7901 | lr 0.03456 | mom 0.931 | 130.2 min
epoca   72 | train 0.55122 | val 0.55382 | AUC 0.7852 | lr 0.03439 | mom 0.932 | 132.1 min
epoca   73 | train 0.55111 | val 0.55123 | AUC 0.7885 | lr 0.03421 | mom 0.932 | 133.9 min
epoca   74 | train 0.55124 | val 0.54988 | AUC 0.7886 | lr 0.03403 | mom 0.933 | 135.7 min
epoca   75 | train 0.55128 | val 0.54992 | AUC 0.7911 | lr 0.03385 | mom 0.933 | 137.5 min
epoca   76 | train 0.55120 | val 0.54609 | AUC 0.7919 | lr 0.03368 | mom 0.934 | 139.3 min
epoca   77 | train 0.55129 | val 0.54719 | AUC 0.7909 | lr 0.03350 | mom 0.934 | 141.1 min
epoca   78 | train 0.55148 | val 0.55318 | AUC 0.7859 | lr 0.03333 | mom 0.935 | 142.9 min
epoca   79 | train 0.55123 | val 0.55092 | AUC 0.7884 | lr 0.03316 | mom 0.935 | 144.7 min
epoca   80 | train 0.55150 | val 0.54937 | AUC 0.7902 | lr 0.03298 | mom 0.936 | 146.5 min
