============================================================
Configurazione : shallow_low
Stack          : 2014  (tanh + sgd)
Semi           : [2, 3, 4]
Eventi train   : 2,600,000
Batch          : 100
Epoche massime : 300
Risultati in   : results/riproduzione/
Log TensorBoard: runs/riproduzione/
============================================================

feature set : low  (21 colonne)
  train : 2,600,000 eventi
  val   :   500,000 eventi
  test  :   500,000 eventi
  colonne riscalate a media 1 (positive) : 6
  colonne standardizzate a media 0       : 15


------------------------------------------------------------
[seme 2] inizio
------------------------------------------------------------
Addestramento su cuda, 2,600,000 eventi, batch da 100
Ottimizzatore: sgd, lr iniziale 0.05
26,000 aggiornamenti per epoca
Log TensorBoard in /home/luca/Desktop/Code/ali/Deep-Learning/ExoticParticles_HEP/runs/riproduzione/shallow_low_seme2

epoca    1 | train 0.65446 | val 0.64654 | AUC 0.6724 | lr 0.049741 | mom 0.900 | 0.2 min
epoca    2 | train 0.64247 | val 0.63701 | AUC 0.6836 | lr 0.049483 | mom 0.900 | 0.4 min
epoca    3 | train 0.63979 | val 0.63617 | AUC 0.6844 | lr 0.049226 | mom 0.901 | 0.5 min
epoca    4 | train 0.63877 | val 0.63920 | AUC 0.6819 | lr 0.048971 | mom 0.901 | 0.7 min
epoca    5 | train 0.63727 | val 0.63743 | AUC 0.6851 | lr 0.048717 | mom 0.902 | 0.9 min
epoca    6 | train 0.63685 | val 0.63722 | AUC 0.6842 | lr 0.048464 | mom 0.902 | 1.0 min
epoca    7 | train 0.63682 | val 0.63928 | AUC 0.6879 | lr 0.048213 | mom 0.903 | 1.2 min
epoca    8 | train 0.63673 | val 0.63505 | AUC 0.6875 | lr 0.047963 | mom 0.903 | 1.4 min
epoca    9 | train 0.63640 | val 0.63492 | AUC 0.6890 | lr 0.047714 | mom 0.904 | 1.6 min
epoca   10 | train 0.63643 | val 0.63381 | AUC 0.6894 | lr 0.047466 | mom 0.904 | 1.7 min
epoca   11 | train 0.63635 | val 0.63405 | AUC 0.6883 | lr 0.047220 | mom 0.904 | 1.9 min
epoca   12 | train 0.63640 | val 0.63578 | AUC 0.6868 | lr 0.046975 | mom 0.905 | 2.1 min
epoca   13 | train 0.63653 | val 0.63563 | AUC 0.6896 | lr 0.046732 | mom 0.905 | 2.3 min
epoca   14 | train 0.63637 | val 0.63476 | AUC 0.6868 | lr 0.046489 | mom 0.906 | 2.4 min
epoca   15 | train 0.63628 | val 0.65048 | AUC 0.6850 | lr 0.046248 | mom 0.906 | 2.6 min
epoca   16 | train 0.63638 | val 0.63469 | AUC 0.6900 | lr 0.046008 | mom 0.907 | 2.8 min
epoca   17 | train 0.63627 | val 0.63841 | AUC 0.6812 | lr 0.045770 | mom 0.907 | 3.0 min
epoca   18 | train 0.63642 | val 0.63706 | AUC 0.6899 | lr 0.045532 | mom 0.908 | 3.1 min
epoca   19 | train 0.63645 | val 0.63338 | AUC 0.6909 | lr 0.045296 | mom 0.908 | 3.3 min
epoca   20 | train 0.63639 | val 0.63916 | AUC 0.6823 | lr 0.045061 | mom 0.909 | 3.5 min
epoca   21 | train 0.63647 | val 0.63588 | AUC 0.6855 | lr 0.044828 | mom 0.909 | 3.7 min
epoca   22 | train 0.63646 | val 0.63431 | AUC 0.6908 | lr 0.044595 | mom 0.909 | 3.8 min
epoca   23 | train 0.63645 | val 0.63695 | AUC 0.6869 | lr 0.044364 | mom 0.910 | 4.0 min
epoca   24 | train 0.63645 | val 0.63172 | AUC 0.6921 | lr 0.044134 | mom 0.910 | 4.2 min
epoca   25 | train 0.63632 | val 0.64820 | AUC 0.6876 | lr 0.043905 | mom 0.911 | 4.4 min
epoca   26 | train 0.63638 | val 0.63378 | AUC 0.6888 | lr 0.043677 | mom 0.911 | 4.6 min
epoca   27 | train 0.63637 | val 0.63653 | AUC 0.6873 | lr 0.043451 | mom 0.912 | 4.7 min
epoca   28 | train 0.63631 | val 0.63347 | AUC 0.6896 | lr 0.043225 | mom 0.912 | 4.9 min
epoca   29 | train 0.63630 | val 0.63686 | AUC 0.6835 | lr 0.043001 | mom 0.913 | 5.1 min
epoca   30 | train 0.63647 | val 0.63580 | AUC 0.6865 | lr 0.042778 | mom 0.913 | 5.3 min
epoca   31 | train 0.63638 | val 0.63806 | AUC 0.6827 | lr 0.042556 | mom 0.913 | 5.4 min
epoca   32 | train 0.63651 | val 0.63804 | AUC 0.6816 | lr 0.042335 | mom 0.914 | 5.6 min
epoca   33 | train 0.63628 | val 0.63763 | AUC 0.6859 | lr 0.042116 | mom 0.914 | 5.8 min
epoca   34 | train 0.63648 | val 0.63794 | AUC 0.6890 | lr 0.041897 | mom 0.915 | 6.0 min
epoca   35 | train 0.63635 | val 0.63707 | AUC 0.6848 | lr 0.041680 | mom 0.915 | 6.1 min
epoca   36 | train 0.63643 | val 0.63523 | AUC 0.6920 | lr 0.041464 | mom 0.916 | 6.3 min
epoca   37 | train 0.63635 | val 0.63561 | AUC 0.6863 | lr 0.041249 | mom 0.916 | 6.5 min
epoca   38 | train 0.63628 | val 0.63692 | AUC 0.6847 | lr 0.041035 | mom 0.917 | 6.7 min
epoca   39 | train 0.63633 | val 0.63508 | AUC 0.6865 | lr 0.040822 | mom 0.917 | 6.9 min
epoca   40 | train 0.63622 | val 0.63349 | AUC 0.6894 | lr 0.040610 | mom 0.918 | 7.0 min
epoca   41 | train 0.63651 | val 0.63421 | AUC 0.6911 | lr 0.040400 | mom 0.918 | 7.2 min
epoca   42 | train 0.63643 | val 0.63114 | AUC 0.6936 | lr 0.040190 | mom 0.918 | 7.4 min
epoca   43 | train 0.63632 | val 0.63488 | AUC 0.6890 | lr 0.039982 | mom 0.919 | 7.5 min
epoca   44 | train 0.63652 | val 0.63988 | AUC 0.6803 | lr 0.039774 | mom 0.919 | 7.7 min
epoca   45 | train 0.63626 | val 0.63870 | AUC 0.6851 | lr 0.039568 | mom 0.920 | 7.9 min
epoca   46 | train 0.63645 | val 0.64233 | AUC 0.6877 | lr 0.039363 | mom 0.920 | 8.1 min
epoca   47 | train 0.63651 | val 0.63406 | AUC 0.6900 | lr 0.039159 | mom 0.921 | 8.3 min
epoca   48 | train 0.63648 | val 0.64090 | AUC 0.6812 | lr 0.038956 | mom 0.921 | 8.5 min
epoca   49 | train 0.63645 | val 0.63788 | AUC 0.6830 | lr 0.038754 | mom 0.922 | 8.6 min
epoca   50 | train 0.63638 | val 0.63264 | AUC 0.6905 | lr 0.038553 | mom 0.922 | 8.8 min
epoca   51 | train 0.63616 | val 0.63241 | AUC 0.6909 | lr 0.038353 | mom 0.922 | 9.0 min
epoca   52 | train 0.63656 | val 0.63480 | AUC 0.6876 | lr 0.038154 | mom 0.923 | 9.1 min
epoca   53 | train 0.63660 | val 0.63542 | AUC 0.6928 | lr 0.037956 | mom 0.923 | 9.3 min
epoca   54 | train 0.63630 | val 0.64085 | AUC 0.6827 | lr 0.037759 | mom 0.924 | 9.5 min
epoca   55 | train 0.63632 | val 0.63349 | AUC 0.6887 | lr 0.037563 | mom 0.924 | 9.7 min
epoca   56 | train 0.63651 | val 0.63844 | AUC 0.6843 | lr 0.037368 | mom 0.925 | 9.9 min
epoca   57 | train 0.63656 | val 0.64584 | AUC 0.6821 | lr 0.037174 | mom 0.925 | 10.0 min
epoca   58 | train 0.63641 | val 0.63387 | AUC 0.6906 | lr 0.036982 | mom 0.926 | 10.2 min
epoca   59 | train 0.63638 | val 0.63422 | AUC 0.6884 | lr 0.036790 | mom 0.926 | 10.4 min
epoca   60 | train 0.63657 | val 0.63870 | AUC 0.6803 | lr 0.036599 | mom 0.927 | 10.6 min
epoca   61 | train 0.63647 | val 0.63313 | AUC 0.6900 | lr 0.036409 | mom 0.927 | 10.8 min
epoca   62 | train 0.63669 | val 0.63647 | AUC 0.6861 | lr 0.036220 | mom 0.927 | 10.9 min
epoca   63 | train 0.63654 | val 0.64246 | AUC 0.6881 | lr 0.036033 | mom 0.928 | 11.1 min
epoca   64 | train 0.63641 | val 0.63856 | AUC 0.6854 | lr 0.035846 | mom 0.928 | 11.3 min
epoca   65 | train 0.63624 | val 0.63671 | AUC 0.6865 | lr 0.035660 | mom 0.929 | 11.5 min
epoca   66 | train 0.63661 | val 0.63397 | AUC 0.6901 | lr 0.035475 | mom 0.929 | 11.6 min
epoca   67 | train 0.63659 | val 0.63902 | AUC 0.6822 | lr 0.035291 | mom 0.930 | 11.8 min
epoca   68 | train 0.63643 | val 0.63519 | AUC 0.6862 | lr 0.035108 | mom 0.930 | 12.0 min
epoca   69 | train 0.63651 | val 0.63655 | AUC 0.6855 | lr 0.034926 | mom 0.931 | 12.1 min
