============================================================
Configurazione : shallow_high
Semi           : [0, 1]
Eventi train   : 2,600,000
Batch          : 100
Epoche massime : 300
============================================================

feature set : high  (7 colonne)
  train : 2,600,000 eventi
  val   :   500,000 eventi
  test  :   500,000 eventi
  colonne riscalate a media 1 (positive) : 7
  colonne standardizzate a media 0       : 0

[seme 0] gia' completato, AUC = 0.7703
[seme 1] gia' completato, AUC = 0.7750

============================================================
shallow_high: AUC = 0.7720 (0.0025)
semi inclusi  : [0, 1, 2, 3, 4]
valori singoli: [0.7703, 0.775, 0.7697, 0.7699, 0.775]
============================================================
